Archive member included to satisfy reference by file (symbol)

D:/progs/STM/IDE/STM32CubeIDE/plugins/com.st.stm32cube.ide.mcu.externaltools.gnu-tools-for-stm32.12.3.rel1.win32_1.1.0.202410251130/tools/bin/../lib/gcc/arm-none-eabi/12.3.1/../../../../arm-none-eabi/lib/thumb/v7e-m+fp/hard\libc_nano.a(libc_a-exit.o)
                              D:/progs/STM/IDE/STM32CubeIDE/plugins/com.st.stm32cube.ide.mcu.externaltools.gnu-tools-for-stm32.12.3.rel1.win32_1.1.0.202410251130/tools/bin/../lib/gcc/arm-none-eabi/12.3.1/../../../../arm-none-eabi/lib/thumb/v7e-m+fp/hard/crt0.o (exit)
D:/progs/STM/IDE/STM32CubeIDE/plugins/com.st.stm32cube.ide.mcu.externaltools.gnu-tools-for-stm32.12.3.rel1.win32_1.1.0.202410251130/tools/bin/../lib/gcc/arm-none-eabi/12.3.1/../../../../arm-none-eabi/lib/thumb/v7e-m+fp/hard\libc_nano.a(libc_a-findfp.o)
                              D:/progs/STM/IDE/STM32CubeIDE/plugins/com.st.stm32cube.ide.mcu.externaltools.gnu-tools-for-stm32.12.3.rel1.win32_1.1.0.202410251130/tools/bin/../lib/gcc/arm-none-eabi/12.3.1/../../../../arm-none-eabi/lib/thumb/v7e-m+fp/hard\libc_nano.a(libc_a-exit.o) (__stdio_exit_handler)
D:/progs/STM/IDE/STM32CubeIDE/plugins/com.st.stm32cube.ide.mcu.externaltools.gnu-tools-for-stm32.12.3.rel1.win32_1.1.0.202410251130/tools/bin/../lib/gcc/arm-none-eabi/12.3.1/../../../../arm-none-eabi/lib/thumb/v7e-m+fp/hard\libc_nano.a(libc_a-fwalk.o)
                              D:/progs/STM/IDE/STM32CubeIDE/plugins/com.st.stm32cube.ide.mcu.externaltools.gnu-tools-for-stm32.12.3.rel1.win32_1.1.0.202410251130/tools/bin/../lib/gcc/arm-none-eabi/12.3.1/../../../../arm-none-eabi/lib/thumb/v7e-m+fp/hard\libc_nano.a(libc_a-findfp.o) (_fwalk_sglue)
D:/progs/STM/IDE/STM32CubeIDE/plugins/com.st.stm32cube.ide.mcu.externaltools.gnu-tools-for-stm32.12.3.rel1.win32_1.1.0.202410251130/tools/bin/../lib/gcc/arm-none-eabi/12.3.1/../../../../arm-none-eabi/lib/thumb/v7e-m+fp/hard\libc_nano.a(libc_a-stdio.o)
                              D:/progs/STM/IDE/STM32CubeIDE/plugins/com.st.stm32cube.ide.mcu.externaltools.gnu-tools-for-stm32.12.3.rel1.win32_1.1.0.202410251130/tools/bin/../lib/gcc/arm-none-eabi/12.3.1/../../../../arm-none-eabi/lib/thumb/v7e-m+fp/hard\libc_nano.a(libc_a-findfp.o) (__sread)
D:/progs/STM/IDE/STM32CubeIDE/plugins/com.st.stm32cube.ide.mcu.externaltools.gnu-tools-for-stm32.12.3.rel1.win32_1.1.0.202410251130/tools/bin/../lib/gcc/arm-none-eabi/12.3.1/../../../../arm-none-eabi/lib/thumb/v7e-m+fp/hard\libc_nano.a(libc_a-memset.o)
                              D:/progs/STM/IDE/STM32CubeIDE/plugins/com.st.stm32cube.ide.mcu.externaltools.gnu-tools-for-stm32.12.3.rel1.win32_1.1.0.202410251130/tools/bin/../lib/gcc/arm-none-eabi/12.3.1/../../../../arm-none-eabi/lib/thumb/v7e-m+fp/hard/crt0.o (memset)
D:/progs/STM/IDE/STM32CubeIDE/plugins/com.st.stm32cube.ide.mcu.externaltools.gnu-tools-for-stm32.12.3.rel1.win32_1.1.0.202410251130/tools/bin/../lib/gcc/arm-none-eabi/12.3.1/../../../../arm-none-eabi/lib/thumb/v7e-m+fp/hard\libc_nano.a(libc_a-closer.o)
                              D:/progs/STM/IDE/STM32CubeIDE/plugins/com.st.stm32cube.ide.mcu.externaltools.gnu-tools-for-stm32.12.3.rel1.win32_1.1.0.202410251130/tools/bin/../lib/gcc/arm-none-eabi/12.3.1/../../../../arm-none-eabi/lib/thumb/v7e-m+fp/hard\libc_nano.a(libc_a-stdio.o) (_close_r)
D:/progs/STM/IDE/STM32CubeIDE/plugins/com.st.stm32cube.ide.mcu.externaltools.gnu-tools-for-stm32.12.3.rel1.win32_1.1.0.202410251130/tools/bin/../lib/gcc/arm-none-eabi/12.3.1/../../../../arm-none-eabi/lib/thumb/v7e-m+fp/hard\libc_nano.a(libc_a-reent.o)
                              D:/progs/STM/IDE/STM32CubeIDE/plugins/com.st.stm32cube.ide.mcu.externaltools.gnu-tools-for-stm32.12.3.rel1.win32_1.1.0.202410251130/tools/bin/../lib/gcc/arm-none-eabi/12.3.1/../../../../arm-none-eabi/lib/thumb/v7e-m+fp/hard\libc_nano.a(libc_a-closer.o) (errno)
D:/progs/STM/IDE/STM32CubeIDE/plugins/com.st.stm32cube.ide.mcu.externaltools.gnu-tools-for-stm32.12.3.rel1.win32_1.1.0.202410251130/tools/bin/../lib/gcc/arm-none-eabi/12.3.1/../../../../arm-none-eabi/lib/thumb/v7e-m+fp/hard\libc_nano.a(libc_a-impure.o)
                              D:/progs/STM/IDE/STM32CubeIDE/plugins/com.st.stm32cube.ide.mcu.externaltools.gnu-tools-for-stm32.12.3.rel1.win32_1.1.0.202410251130/tools/bin/../lib/gcc/arm-none-eabi/12.3.1/../../../../arm-none-eabi/lib/thumb/v7e-m+fp/hard\libc_nano.a(libc_a-reent.o) (_impure_ptr)
D:/progs/STM/IDE/STM32CubeIDE/plugins/com.st.stm32cube.ide.mcu.externaltools.gnu-tools-for-stm32.12.3.rel1.win32_1.1.0.202410251130/tools/bin/../lib/gcc/arm-none-eabi/12.3.1/../../../../arm-none-eabi/lib/thumb/v7e-m+fp/hard\libc_nano.a(libc_a-lseekr.o)
                              D:/progs/STM/IDE/STM32CubeIDE/plugins/com.st.stm32cube.ide.mcu.externaltools.gnu-tools-for-stm32.12.3.rel1.win32_1.1.0.202410251130/tools/bin/../lib/gcc/arm-none-eabi/12.3.1/../../../../arm-none-eabi/lib/thumb/v7e-m+fp/hard\libc_nano.a(libc_a-stdio.o) (_lseek_r)
[...]
Memory Configuration

Name             Origin             Length             Attributes
CCMRAM           0x10000000         0x00010000         xrw
RAM              0x20000000         0x00020000         xrw
FLASH            0x08000000         0x00100000         xr
*default*        0x00000000         0xffffffff

Linker script and memory map

LOAD D:/progs/STM/IDE/STM32CubeIDE/plugins/com.st.stm32cube.ide.mcu.externaltools.gnu-tools-for-stm32.12.3.rel1.win32_1.1.0.202410251130/tools/bin/../lib/gcc/arm-none-eabi/12.3.1/thumb/v7e-m+fp/hard/crti.o
LOAD D:/progs/STM/IDE/STM32CubeIDE/plugins/com.st.stm32cube.ide.mcu.externaltools.gnu-tools-for-stm32.12.3.rel1.win32_1.1.0.202410251130/tools/bin/../lib/gcc/arm-none-eabi/12.3.1/thumb/v7e-m+fp/hard/crtbegin.o
LOAD D:/progs/STM/IDE/STM32CubeIDE/plugins/com.st.stm32cube.ide.mcu.externaltools.gnu-tools-for-stm32.12.3.rel1.win32_1.1.0.202410251130/tools/bin/../lib/gcc/arm-none-eabi/12.3.1/../../../../arm-none-eabi/lib/thumb/v7e-m+fp/hard/crt0.o
LOAD ./Core/Src/main.o
LOAD ./Core/Src/servo.o
LOAD ./Core/Src/stm32f4xx_hal_msp.o
LOAD ./Core/Src/stm32f4xx_it.o
LOAD ./Core/Src/syscalls.o
LOAD ./Core/Src/sysmem.o
LOAD ./Core/Src/system_stm32f4xx.o
LOAD ./Core/Startup/startup_stm32f407vgtx.o
LOAD ./Drivers/STM32F4xx_HAL_Driver/Src/stm32f4xx_hal.o
LOAD ./Drivers/STM32F4xx_HAL_Driver/Src/stm32f4xx_hal_cortex.o
LOAD ./Drivers/STM32F4xx_HAL_Driver/Src/stm32f4xx_hal_dma.o
LOAD ./Drivers/STM32F4xx_HAL_Driver/Src/stm32f4xx_hal_dma_ex.o
LOAD ./Drivers/STM32F4xx_HAL_Driver/Src/stm32f4xx_hal_exti.o
LOAD ./Drivers/STM32F4xx_HAL_Driver/Src/stm32f4xx_hal_flash.o
LOAD ./Drivers/STM32F4xx_HAL_Driver/Src/stm32f4xx_hal_flash_ex.o
LOAD ./Drivers/STM32F4xx_HAL_Driver/Src/stm32f4xx_hal_flash_ramfunc.o
LOAD ./Drivers/STM32F4xx_HAL_Driver/Src/stm32f4xx_hal_gpio.o
LOAD ./Drivers/STM32F4xx_HAL_Driver/Src/stm32f4xx_hal_pwr.o
LOAD ./Drivers/STM32F4xx_HAL_Driver/Src/stm32f4xx_hal_pwr_ex.o
LOAD ./Drivers/STM32F4xx_HAL_Driver/Src/stm32f4xx_hal_rcc.o
LOAD ./Drivers/STM32F4xx_HAL_Driver/Src/stm32f4xx_hal_rcc_ex.o
LOAD ./Drivers/STM32F4xx_HAL_Driver/Src/stm32f4xx_hal_tim.o
LOAD ./Drivers/STM32F4xx_HAL_Driver/Src/stm32f4xx_hal_tim_ex.o
LOAD ./Drivers/STM32F4xx_HAL_Driver/Src/stm32f4xx_hal_uart.o
START GROUP
LOAD D:/progs/STM/IDE/STM32CubeIDE/plugins/com.st.stm32cube.ide.mcu.externaltools.gnu-tools-for-stm32.12.3.rel1.win32_1.1.0.202410251130/tools/bin/../lib/gcc/arm-none-eabi/12.3.1/../../../../arm-none-eabi/lib/thumb/v7e-m+fp/hard\libc_nano.a
LOAD D:/progs/STM/IDE/STM32CubeIDE/plugins/com.st.stm32cube.ide.mcu.externaltools.gnu-tools-for-stm32.12.3.rel1.win32_1.1.0.202410251130/tools/bin/../lib/gcc/arm-none-eabi/12.3.1/../../../../arm-none-eabi/lib/thumb/v7e-m+fp/hard\libm.a
END GROUP
START GROUP
LOAD D:/progs/STM/IDE/STM32CubeIDE/plugins/com.st.stm32cube.ide.mcu.externaltools.gnu-tools-for-stm32.12.3.rel1.win32_1.1.0.202410251130/tools/bin/../lib/gcc/arm-none-eabi/12.3.1/thumb/v7e-m+fp/hard\libgcc.a
LOAD D:/progs/STM/IDE/STM32CubeIDE/plugins/com.st.stm32cube.ide.mcu.externaltools.gnu-tools-for-stm32.12.3.rel1.win32_1.1.0.202410251130/tools/bin/../lib/gcc/arm-none-eabi/12.3.1/../../../../arm-none-eabi/lib/thumb/v7e-m+fp/hard\libc_nano.a
END GROUP
START GROUP
LOAD D:/progs/STM/IDE/STM32CubeIDE/plugins/com.st.stm32cube.ide.mcu.externaltools.gnu-tools-for-stm32.12.3.rel1.win32_1.1.0.202410251130/tools/bin/../lib/gcc/arm-none-eabi/12.3.1/thumb/v7e-m+fp/hard\libgcc.a
LOAD D:/progs/STM/IDE/STM32CubeIDE/plugins/com.st.stm32cube.ide.mcu.externaltools.gnu-tools-for-stm32.12.3.rel1.win32_1.1.0.202410251130/tools/bin/../lib/gcc/arm-none-eabi/12.3.1/../../../../arm-none-eabi/lib/thumb/v7e-m+fp/hard\libc_nano.a
LOAD D:/progs/STM/IDE/STM32CubeIDE/plugins/com.st.stm32cube.ide.mcu.externaltools.gnu-tools-for-stm32.12.3.rel1.win32_1.1.0.202410251130/tools/bin/../lib/gcc/arm-none-eabi/12.3.1/../../../../arm-none-eabi/lib/thumb/v7e-m+fp/hard\libnosys.a
END GROUP
START GROUP
LOAD D:/progs/STM/IDE/STM32CubeIDE/plugins/com.st.stm32cube.ide.mcu.externaltools.gnu-tools-for-stm32.12.3.rel1.win32_1.1.0.202410251130/tools/bin/../lib/gcc/arm-none-eabi/12.3.1/thumb/v7e-m+fp/hard\libgcc.a
LOAD D:/progs/STM/IDE/STM32CubeIDE/plugins/com.st.stm32cube.ide.mcu.externaltools.gnu-tools-for-stm32.12.3.rel1.win32_1.1.0.202410251130/tools/bin/../lib/gcc/arm-none-eabi/12.3.1/../../../../arm-none-eabi/lib/thumb/v7e-m+fp/hard\libc_nano.a
LOAD D:/progs/STM/IDE/STM32CubeIDE/plugins/com.st.stm32cube.ide.mcu.externaltools.gnu-tools-for-stm32.12.3.rel1.win32_1.1.0.202410251130/tools/bin/../lib/gcc/arm-none-eabi/12.3.1/../../../../arm-none-eabi/lib/thumb/v7e-m+fp/hard\libnosys.a
END GROUP
LOAD D:/progs/STM/IDE/STM32CubeIDE/plugins/com.st.stm32cube.ide.mcu.externaltools.gnu-tools-for-stm32.12.3.rel1.win32_1.1.0.202410251130/tools/bin/../lib/gcc/arm-none-eabi/12.3.1/thumb/v7e-m+fp/hard/crtend.o
LOAD D:/progs/STM/IDE/STM32CubeIDE/plugins/com.st.stm32cube.ide.mcu.externaltools.gnu-tools-for-stm32.12.3.rel1.win32_1.1.0.202410251130/tools/bin/../lib/gcc/arm-none-eabi/12.3.1/thumb/v7e-m+fp/hard/crtn.o
                0x20020000                        _estack = (ORIGIN (RAM) + LENGTH (RAM))
                0x00000200                        _Min_Heap_Size = 0x200
                0x00000400                        _Min_Stack_Size = 0x400

.isr_vector     0x08000000      0x188
                0x08000000                        . = ALIGN (0x4)
 *(.isr_vector)
 .isr_vector    0x08000000      0x188 ./Core/Startup/startup_stm32f407vgtx.o
                0x08000000                g_pfnVectors
                0x08000188                        . = ALIGN (0x4)

.text           0x08000188     0x5c7c
                0x08000188                        . = ALIGN (0x4)
 *(.text)
 .text          0x08000188       0x40 D:/progs/STM/IDE/STM32CubeIDE/plugins/com.st.stm32cube.ide.mcu.externaltools.gnu-tools-for-stm32.12.3.rel1.win32_1.1.0.202410251130/tools/bin/../lib/gcc/arm-none-eabi/12.3.1/thumb/v7e-m+fp/hard/crtbegin.o
 .text          0x080001c8       0x10 D:/progs/STM/IDE/STM32CubeIDE/plugins/com.st.stm32cube.ide.mcu.externaltools.gnu-tools-for-stm32.12.3.rel1.win32_1.1.0.202410251130/tools/bin/../lib/gcc/arm-none-eabi/12.3.1/../../../../arm-none-eabi/lib/thumb/v7e-m+fp/hard\libc_nano.a(libc_a-strlen.o)
                0x080001c8                strlen
 .text          0x080001d8      0x378 D:/progs/STM/IDE/STM32CubeIDE/plugins/com.st.stm32cube.ide.mcu.externaltools.gnu-tools-for-stm32.12.3.rel1.win32_1.1.0.202410251130/tools/bin/../lib/gcc/arm-none-eabi/12.3.1/thumb/v7e-m+fp/hard\libgcc.a(_arm_addsubdf3.o)
                0x080001d8                __aeabi_drsub
                0x080001e0                __aeabi_dsub
                0x080001e0                __subdf3
                0x080001e4                __aeabi_dadd
                0x080001e4                __adddf3
                0x0800045c                __floatunsidf
                0x0800045c                __aeabi_ui2d
                0x0800047c                __floatsidf
                0x0800047c                __aeabi_i2d
                0x080004a0                __aeabi_f2d
                0x080004a0                __extendsfdf2
                0x080004e4                __floatundidf
                0x080004e4                __aeabi_ul2d
                0x080004f4                __floatdidf
                0x080004f4                __aeabi_l2d
 .text          0x08000550      0x424 D:/progs/STM/IDE/STM32CubeIDE/plugins/com.st.stm32cube.ide.mcu.externaltools.gnu-tools-for-stm32.12.3.rel1.win32_1.1.0.202410251130/tools/bin/../lib/gcc/arm-none-eabi/12.3.1/thumb/v7e-m+fp/hard\libgcc.a(_arm_muldivdf3.o)
                0x08000550                __aeabi_dmul
                0x08000550                __muldf3
                0x080007a4                __divdf3
                0x080007a4                __aeabi_ddiv
 .text          0x08000974      0x110 D:/progs/STM/IDE/STM32CubeIDE/plugins/com.st.stm32cube.ide.mcu.externaltools.gnu-tools-for-stm32.12.3.rel1.win32_1.1.0.202410251130/tools/bin/../lib/gcc/arm-none-eabi/12.3.1/thumb/v7e-m+fp/hard\libgcc.a(_arm_cmpdf2.o)
                0x08000974                __gtdf2
                0x08000974                __gedf2
                0x0800097c                __ltdf2
                0x0800097c                __ledf2
                0x08000984                __nedf2
                0x08000984                __eqdf2
                0x08000984                __cmpdf2
                0x08000a00                __aeabi_cdrcmple
                0x08000a10                __aeabi_cdcmpeq
                0x08000a10                __aeabi_cdcmple
                0x08000a20                __aeabi_dcmpeq
                0x08000a34                __aeabi_dcmplt
                0x08000a48                __aeabi_dcmple
                0x08000a5c                __aeabi_dcmpge
                0x08000a70                __aeabi_dcmpgt
 .text          0x08000a84       0x2c D:/progs/STM/IDE/STM32CubeIDE/plugins/com.st.stm32cube.ide.mcu.externaltools.gnu-tools-for-stm32.12.3.rel1.win32_1.1.0.202410251130/tools/bin/../lib/gcc/arm-none-eabi/12.3.1/thumb/v7e-m+fp/hard\libgcc.a(_arm_unorddf2.o)
                0x08000a84                __unorddf2
                0x08000a84                __aeabi_dcmpun
 .text          0x08000ab0       0x40 D:/progs/STM/IDE/STM32CubeIDE/plugins/com.st.stm32cube.ide.mcu.externaltools.gnu-tools-for-stm32.12.3.rel1.win32_1.1.0.202410251130/tools/bin/../lib/gcc/arm-none-eabi/12.3.1/thumb/v7e-m+fp/hard\libgcc.a(_arm_fixunsdfsi.o)
                0x08000ab0                __aeabi_d2uiz
                0x08000ab0                __fixunsdfsi
 .text          0x08000af0       0xa0 D:/progs/STM/IDE/STM32CubeIDE/plugins/com.st.stm32cube.ide.mcu.externaltools.gnu-tools-for-stm32.12.3.rel1.win32_1.1.0.202410251130/tools/bin/../lib/gcc/arm-none-eabi/12.3.1/thumb/v7e-m+fp/hard\libgcc.a(_arm_truncdfsf2.o)
                0x08000af0                __truncdfsf2
                0x08000af0                __aeabi_d2f
 .text          0x08000b90       0x30 D:/progs/STM/IDE/STM32CubeIDE/plugins/com.st.stm32cube.ide.mcu.externaltools.gnu-tools-for-stm32.12.3.rel1.win32_1.1.0.202410251130/tools/bin/../lib/gcc/arm-none-eabi/12.3.1/thumb/v7e-m+fp/hard\libgcc.a(_aeabi_uldivmod.o)
                0x08000b90                __aeabi_uldivmod
 .text          0x08000bc0      0x2bc D:/progs/STM/IDE/STM32CubeIDE/plugins/com.st.stm32cube.ide.mcu.externaltools.gnu-tools-for-stm32.12.3.rel1.win32_1.1.0.202410251130/tools/bin/../lib/gcc/arm-none-eabi/12.3.1/thumb/v7e-m+fp/hard\libgcc.a(_udivmoddi4.o)
                0x08000bc0                __udivmoddi4
 .text          0x08000e7c        0x4 D:/progs/STM/IDE/STM32CubeIDE/plugins/com.st.stm32cube.ide.mcu.externaltools.gnu-tools-for-stm32.12.3.rel1.win32_1.1.0.202410251130/tools/bin/../lib/gcc/arm-none-eabi/12.3.1/thumb/v7e-m+fp/hard\libgcc.a(_dvmd_tls.o)
                0x08000e7c                __aeabi_idiv0
                0x08000e7c                __aeabi_ldiv0
 *(.text*)
 .text.calc_CRT_K
                0x08000e80       0x58 ./Core/Src/main.o
                0x08000e80                calc_CRT_K
 .text.setup_CRT
                0x08000ed8       0x1c ./Core/Src/main.o
                0x08000ed8                setup_CRT
 .text.get_CRT  0x08000ef4       0x70 ./Core/Src/main.o
                0x08000ef4                get_CRT
 .text.calc_brightness_table
                0x08000f64       0x50 ./Core/Src/main.o
                0x08000f64                calc_brightness_table
 .text.set_blink_frequency
                0x08000fb4       0x5c ./Core/Src/main.o
                0x08000fb4                set_blink_frequency
 .text.USART_DMA_SendString
                0x08001010       0x28 ./Core/Src/main.o
                0x08001010                USART_DMA_SendString
 .text.HAL_UART_RxCpltCallback
                0x08001038       0x40 ./Core/Src/main.o
                0x08001038                HAL_UART_RxCpltCallback
 .text.HAL_UART_TxCpltCallback
                0x08001078       0x20 ./Core/Src/main.o
                0x08001078                HAL_UART_TxCpltCallback
 .text.crc8     0x08001098       0x6e ./Core/Src/main.o
                0x08001098                crc8
 .text.messageProcessing
                0x08001106       0x8e ./Core/Src/main.o
                0x08001106                messageProcessing
 .text.LEDProcessing
                0x08001194       0x84 ./Core/Src/main.o
                0x08001194                LEDProcessing
 .text.ServoProcessing
                0x08001218       0x34 ./Core/Src/main.o
                0x08001218                ServoProcessing
 .text.main     0x0800124c       0xe4 ./Core/Src/main.o
                0x0800124c                main
 .text.SystemClock_Config
                0x08001330       0xd0 ./Core/Src/main.o
                0x08001330                SystemClock_Config
 .text.MX_TIM4_Init
                0x08001400       0xec ./Core/Src/main.o
 .text.MX_TIM8_Init
                0x080014ec       0xac ./Core/Src/main.o
 .text.MX_USART2_UART_Init
                0x08001598       0x54 ./Core/Src/main.o
 .text.MX_DMA_Init
                0x080015ec       0x7c ./Core/Src/main.o
 .text.MX_GPIO_Init
                0x08001668       0xa4 ./Core/Src/main.o
 .text.Error_Handler
                0x0800170c       0x38 ./Core/Src/main.o
                0x0800170c                Error_Handler
 .text.SERVO_TimerInit
                0x08001744       0xec ./Core/Src/servo.o
                0x08001744                SERVO_TimerInit
 .text.SERVO_getCCR
                0x08001830       0x70 ./Core/Src/servo.o
                0x08001830                SERVO_getCCR
 .text.HAL_MspInit
                0x080018a0       0x50 ./Core/Src/stm32f4xx_hal_msp.o
                0x080018a0                HAL_MspInit
 .text.HAL_TIM_Base_MspInit
                0x080018f0       0xd8 ./Core/Src/stm32f4xx_hal_msp.o
                0x080018f0                HAL_TIM_Base_MspInit
 .text.HAL_TIM_MspPostInit
                0x080019c8       0x74 ./Core/Src/stm32f4xx_hal_msp.o
                0x080019c8                HAL_TIM_MspPostInit
 .text.HAL_UART_MspInit
                0x08001a3c      0x15c ./Core/Src/stm32f4xx_hal_msp.o
                0x08001a3c                HAL_UART_MspInit
 .text.NMI_Handler
                0x08001b98        0x8 ./Core/Src/stm32f4xx_it.o
                0x08001b98                NMI_Handler
 .text.HardFault_Handler
                0x08001ba0        0x8 ./Core/Src/stm32f4xx_it.o
                0x08001ba0                HardFault_Handler
 .text.MemManage_Handler
                0x08001ba8        0x8 ./Core/Src/stm32f4xx_it.o
                0x08001ba8                MemManage_Handler
 .text.BusFault_Handler
                0x08001bb0        0x8 ./Core/Src/stm32f4xx_it.o
                0x08001bb0                BusFault_Handler
 .text.UsageFault_Handler
                0x08001bb8        0x8 ./Core/Src/stm32f4xx_it.o
                0x08001bb8                UsageFault_Handler
 .text.SVC_Handler
                0x08001bc0        0xe ./Core/Src/stm32f4xx_it.o
                0x08001bc0                SVC_Handler
 .text.DebugMon_Handler
                0x08001bce        0xe ./Core/Src/stm32f4xx_it.o
                0x08001bce                DebugMon_Handler
 .text.PendSV_Handler
                0x08001bdc        0xe ./Core/Src/stm32f4xx_it.o
                0x08001bdc                PendSV_Handler
 .text.SysTick_Handler
                0x08001bea        0xc ./Core/Src/stm32f4xx_it.o
                0x08001bea                SysTick_Handler
 *fill*         0x08001bf6        0x2 
 .text.DMA1_Stream5_IRQHandler
                0x08001bf8       0x14 ./Core/Src/stm32f4xx_it.o
                0x08001bf8                DMA1_Stream5_IRQHandler
 .text.DMA1_Stream6_IRQHandler
                0x08001c0c       0x14 ./Core/Src/stm32f4xx_it.o
                0x08001c0c                DMA1_Stream6_IRQHandler
 .text.DMA2_Stream1_IRQHandler
                0x08001c20       0x14 ./Core/Src/stm32f4xx_it.o
                0x08001c20                DMA2_Stream1_IRQHandler
 .text.SystemInit
                0x08001c34       0x24 ./Core/Src/system_stm32f4xx.o
                0x08001c34                SystemInit
 .text.Reset_Handler
                0x08001c58       0x50 ./Core/Startup/startup_stm32f407vgtx.o
                0x08001c58                Reset_Handler
 .text.Default_Handler
                0x08001ca8        0x2 ./Core/Startup/startup_stm32f407vgtx.o
                0x08001ca8                RTC_Alarm_IRQHandler
                0x08001ca8                HASH_RNG_IRQHandler
                0x08001ca8                EXTI2_IRQHandler
                0x08001ca8                TIM8_CC_IRQHandler
                0x08001ca8                TIM1_CC_IRQHandler
                0x08001ca8                DMA2_Stream5_IRQHandler
                0x08001ca8                PVD_IRQHandler
                0x08001ca8                SDIO_IRQHandler
                0x08001ca8                TAMP_STAMP_IRQHandler
                0x08001ca8                CAN2_RX1_IRQHandler
                0x08001ca8                EXTI3_IRQHandler
                0x08001ca8                TIM8_TRG_COM_TIM14_IRQHandler
                0x08001ca8                TIM1_UP_TIM10_IRQHandler
                0x08001ca8                TIM8_UP_TIM13_IRQHandler
                0x08001ca8                I2C3_ER_IRQHandler
                0x08001ca8                EXTI0_IRQHandler
                0x08001ca8                I2C2_EV_IRQHandler
                0x08001ca8                DMA1_Stream2_IRQHandler
                0x08001ca8                CAN1_RX0_IRQHandler
                0x08001ca8                FPU_IRQHandler
                0x08001ca8                OTG_HS_WKUP_IRQHandler
                0x08001ca8                CAN2_SCE_IRQHandler
                0x08001ca8                DMA2_Stream2_IRQHandler
                0x08001ca8                SPI1_IRQHandler
                0x08001ca8                TIM6_DAC_IRQHandler
                0x08001ca8                TIM1_BRK_TIM9_IRQHandler
                0x08001ca8                DCMI_IRQHandler
                0x08001ca8                CAN2_RX0_IRQHandler
                0x08001ca8                DMA2_Stream3_IRQHandler
                0x08001ca8                USART6_IRQHandler
                0x08001ca8                USART3_IRQHandler
                0x08001ca8                CAN1_RX1_IRQHandler
                0x08001ca8                UART5_IRQHandler
                0x08001ca8                DMA2_Stream0_IRQHandler
                0x08001ca8                TIM4_IRQHandler
                0x08001ca8                I2C1_EV_IRQHandler
                0x08001ca8                DMA1_Stream1_IRQHandler
                0x08001ca8                UART4_IRQHandler
                0x08001ca8                TIM3_IRQHandler
                0x08001ca8                RCC_IRQHandler
                0x08001ca8                TIM8_BRK_TIM12_IRQHandler
                0x08001ca8                Default_Handler
                0x08001ca8                EXTI15_10_IRQHandler
                0x08001ca8                ADC_IRQHandler
                0x08001ca8                DMA1_Stream7_IRQHandler
                0x08001ca8                TIM7_IRQHandler
                0x08001ca8                CAN2_TX_IRQHandler
                0x08001ca8                TIM5_IRQHandler
                0x08001ca8                DMA2_Stream7_IRQHandler
                0x08001ca8                I2C3_EV_IRQHandler
                0x08001ca8                EXTI9_5_IRQHandler
                0x08001ca8                RTC_WKUP_IRQHandler
                0x08001ca8                ETH_WKUP_IRQHandler
                0x08001ca8                SPI2_IRQHandler
                0x08001ca8                OTG_HS_EP1_IN_IRQHandler
                0x08001ca8                DMA1_Stream0_IRQHandler
                0x08001ca8                CAN1_TX_IRQHandler
                0x08001ca8                EXTI4_IRQHandler
                0x08001ca8                FSMC_IRQHandler
                0x08001ca8                ETH_IRQHandler
                0x08001ca8                OTG_HS_EP1_OUT_IRQHandler
                0x08001ca8                WWDG_IRQHandler
                0x08001ca8                TIM2_IRQHandler
                0x08001ca8                OTG_FS_WKUP_IRQHandler
                0x08001ca8                TIM1_TRG_COM_TIM11_IRQHandler
                0x08001ca8                OTG_HS_IRQHandler
                0x08001ca8                EXTI1_IRQHandler
                0x08001ca8                USART2_IRQHandler
                0x08001ca8                I2C2_ER_IRQHandler
                0x08001ca8                CAN1_SCE_IRQHandler
                0x08001ca8                FLASH_IRQHandler
                0x08001ca8                DMA2_Stream4_IRQHandler
                0x08001ca8                USART1_IRQHandler
                0x08001ca8                OTG_FS_IRQHandler
                0x08001ca8                SPI3_IRQHandler
                0x08001ca8                DMA1_Stream4_IRQHandler
                0x08001ca8                I2C1_ER_IRQHandler
                0x08001ca8                DMA2_Stream6_IRQHandler
                0x08001ca8                DMA1_Stream3_IRQHandler
 *fill*         0x08001caa        0x2 
 .text.HAL_Init
                0x08001cac       0x44 ./Drivers/STM32F4xx_HAL_Driver/Src/stm32f4xx_hal.o
                0x08001cac                HAL_Init
 .text.HAL_InitTick
                0x08001cf0       0x60 ./Drivers/STM32F4xx_HAL_Driver/Src/stm32f4xx_hal.o
                0x08001cf0                HAL_InitTick
 .text.HAL_IncTick
                0x08001d50       0x28 ./Drivers/STM32F4xx_HAL_Driver/Src/stm32f4xx_hal.o
                0x08001d50                HAL_IncTick
 .text.HAL_GetTick
                0x08001d78       0x18 ./Drivers/STM32F4xx_HAL_Driver/Src/stm32f4xx_hal.o
                0x08001d78                HAL_GetTick
 .text.HAL_Delay
                0x08001d90       0x48 ./Drivers/STM32F4xx_HAL_Driver/Src/stm32f4xx_hal.o
                0x08001d90                HAL_Delay
 .text.__NVIC_SetPriorityGrouping
                0x08001dd8       0x48 ./Drivers/STM32F4xx_HAL_Driver/Src/stm32f4xx_hal_cortex.o
 .text.__NVIC_GetPriorityGrouping
                0x08001e20       0x1c ./Drivers/STM32F4xx_HAL_Driver/Src/stm32f4xx_hal_cortex.o
 .text.__NVIC_EnableIRQ
                0x08001e3c       0x3c ./Drivers/STM32F4xx_HAL_Driver/Src/stm32f4xx_hal_cortex.o
 .text.__NVIC_SetPriority
                0x08001e78       0x54 ./Drivers/STM32F4xx_HAL_Driver/Src/stm32f4xx_hal_cortex.o
 .text.NVIC_EncodePriority
                0x08001ecc       0x66 ./Drivers/STM32F4xx_HAL_Driver/Src/stm32f4xx_hal_cortex.o
 *fill*         0x08001f32        0x2 
 .text.SysTick_Config
                0x08001f34       0x44 ./Drivers/STM32F4xx_HAL_Driver/Src/stm32f4xx_hal_cortex.o
 .text.HAL_NVIC_SetPriorityGrouping
                0x08001f78       0x16 ./Drivers/STM32F4xx_HAL_Driver/Src/stm32f4xx_hal_cortex.o
                0x08001f78                HAL_NVIC_SetPriorityGrouping
 .text.HAL_NVIC_SetPriority
                0x08001f8e       0x38 ./Drivers/STM32F4xx_HAL_Driver/Src/stm32f4xx_hal_cortex.o
                0x08001f8e                HAL_NVIC_SetPriority
 .text.HAL_NVIC_EnableIRQ
                0x08001fc6       0x1c ./Drivers/STM32F4xx_HAL_Driver/Src/stm32f4xx_hal_cortex.o
                0x08001fc6                HAL_NVIC_EnableIRQ
 .text.HAL_SYSTICK_Config
                0x08001fe2       0x18 ./Drivers/STM32F4xx_HAL_Driver/Src/stm32f4xx_hal_cortex.o
                0x08001fe2                HAL_SYSTICK_Config
 *fill*         0x08001ffa        0x2 
 .text.HAL_DMA_Init
                0x08001ffc      0x15c ./Drivers/STM32F4xx_HAL_Driver/Src/stm32f4xx_hal_dma.o
                0x08001ffc                HAL_DMA_Init
 .text.HAL_DMA_Start
                0x08002158       0x76 ./Drivers/STM32F4xx_HAL_Driver/Src/stm32f4xx_hal_dma.o
                0x08002158                HAL_DMA_Start
 .text.HAL_DMA_Start_IT
                0x080021ce       0xb0 ./Drivers/STM32F4xx_HAL_Driver/Src/stm32f4xx_hal_dma.o
                0x080021ce                HAL_DMA_Start_IT
 *fill*         0x0800227e        0x2 
 .text.HAL_DMA_IRQHandler
                0x08002280      0x314 ./Drivers/STM32F4xx_HAL_Driver/Src/stm32f4xx_hal_dma.o
                0x08002280                HAL_DMA_IRQHandler
 .text.DMA_SetConfig
                0x08002594       0x5c ./Drivers/STM32F4xx_HAL_Driver/Src/stm32f4xx_hal_dma.o
 .text.DMA_CalcBaseAndBitshift
                0x080025f0       0x6c ./Drivers/STM32F4xx_HAL_Driver/Src/stm32f4xx_hal_dma.o
 .text.DMA_CheckFifoParam
                0x0800265c       0xf8 ./Drivers/STM32F4xx_HAL_Driver/Src/stm32f4xx_hal_dma.o
 .text.HAL_GPIO_Init
                0x08002754      0x338 ./Drivers/STM32F4xx_HAL_Driver/Src/stm32f4xx_hal_gpio.o
                0x08002754                HAL_GPIO_Init
 .text.HAL_GPIO_WritePin
                0x08002a8c       0x32 ./Drivers/STM32F4xx_HAL_Driver/Src/stm32f4xx_hal_gpio.o
                0x08002a8c                HAL_GPIO_WritePin
 *fill*         0x08002abe        0x2 
 .text.HAL_RCC_OscConfig
                0x08002ac0      0x4f0 ./Drivers/STM32F4xx_HAL_Driver/Src/stm32f4xx_hal_rcc.o
                0x08002ac0                HAL_RCC_OscConfig
 .text.HAL_RCC_ClockConfig
                0x08002fb0      0x1cc ./Drivers/STM32F4xx_HAL_Driver/Src/stm32f4xx_hal_rcc.o
                0x08002fb0                HAL_RCC_ClockConfig
 .text.HAL_RCC_GetSysClockFreq
                0x0800317c      0x20c ./Drivers/STM32F4xx_HAL_Driver/Src/stm32f4xx_hal_rcc.o
                0x0800317c                HAL_RCC_GetSysClockFreq
 .text.HAL_RCC_GetHCLKFreq
                0x08003388       0x18 ./Drivers/STM32F4xx_HAL_Driver/Src/stm32f4xx_hal_rcc.o
                0x08003388                HAL_RCC_GetHCLKFreq
 .text.HAL_RCC_GetPCLK1Freq
                0x080033a0       0x28 ./Drivers/STM32F4xx_HAL_Driver/Src/stm32f4xx_hal_rcc.o
                0x080033a0                HAL_RCC_GetPCLK1Freq
 .text.HAL_RCC_GetPCLK2Freq
                0x080033c8       0x28 ./Drivers/STM32F4xx_HAL_Driver/Src/stm32f4xx_hal_rcc.o
                0x080033c8                HAL_RCC_GetPCLK2Freq
 .text.HAL_TIM_Base_Init
                0x080033f0       0x9e ./Drivers/STM32F4xx_HAL_Driver/Src/stm32f4xx_hal_tim.o
                0x080033f0                HAL_TIM_Base_Init
 *fill*         0x0800348e        0x2 
 .text.HAL_TIM_Base_Start
                0x08003490       0xd0 ./Drivers/STM32F4xx_HAL_Driver/Src/stm32f4xx_hal_tim.o
                0x08003490                HAL_TIM_Base_Start
 .text.HAL_TIM_PWM_Init
                0x08003560       0x9e ./Drivers/STM32F4xx_HAL_Driver/Src/stm32f4xx_hal_tim.o
                0x08003560                HAL_TIM_PWM_Init
 .text.HAL_TIM_PWM_MspInit
                0x080035fe       0x14 ./Drivers/STM32F4xx_HAL_Driver/Src/stm32f4xx_hal_tim.o
                0x080035fe                HAL_TIM_PWM_MspInit
 *fill*         0x08003612        0x2 
 .text.HAL_TIM_PWM_Start
                0x08003614      0x190 ./Drivers/STM32F4xx_HAL_Driver/Src/stm32f4xx_hal_tim.o
                0x08003614                HAL_TIM_PWM_Start
 .text.HAL_TIM_PWM_Stop
                0x080037a4       0xe0 ./Drivers/STM32F4xx_HAL_Driver/Src/stm32f4xx_hal_tim.o
                0x080037a4                HAL_TIM_PWM_Stop
 .text.HAL_TIM_PWM_ConfigChannel
                0x08003884      0x184 ./Drivers/STM32F4xx_HAL_Driver/Src/stm32f4xx_hal_tim.o
                0x08003884                HAL_TIM_PWM_ConfigChannel
 .text.HAL_TIM_ConfigClockSource
                0x08003a08      0x18e ./Drivers/STM32F4xx_HAL_Driver/Src/stm32f4xx_hal_tim.o
                0x08003a08                HAL_TIM_ConfigClockSource
 *fill*         0x08003b96        0x2 
 .text.TIM_Base_SetConfig
                0x08003b98      0x158 ./Drivers/STM32F4xx_HAL_Driver/Src/stm32f4xx_hal_tim.o
                0x08003b98                TIM_Base_SetConfig
 .text.TIM_OC1_SetConfig
                0x08003cf0       0xe0 ./Drivers/STM32F4xx_HAL_Driver/Src/stm32f4xx_hal_tim.o
 .text.TIM_OC2_SetConfig
                0x08003dd0       0xec ./Drivers/STM32F4xx_HAL_Driver/Src/stm32f4xx_hal_tim.o
                0x08003dd0                TIM_OC2_SetConfig
 .text.TIM_OC3_SetConfig
                0x08003ebc       0xe8 ./Drivers/STM32F4xx_HAL_Driver/Src/stm32f4xx_hal_tim.o
 .text.TIM_OC4_SetConfig
                0x08003fa4       0xac ./Drivers/STM32F4xx_HAL_Driver/Src/stm32f4xx_hal_tim.o
 .text.TIM_TI1_ConfigInputStage
                0x08004050       0x5e ./Drivers/STM32F4xx_HAL_Driver/Src/stm32f4xx_hal_tim.o
 .text.TIM_TI2_ConfigInputStage
                0x080040ae       0x60 ./Drivers/STM32F4xx_HAL_Driver/Src/stm32f4xx_hal_tim.o
 .text.TIM_ITRx_SetConfig
                0x0800410e       0x36 ./Drivers/STM32F4xx_HAL_Driver/Src/stm32f4xx_hal_tim.o
 .text.TIM_ETR_SetConfig
                0x08004144       0x40 ./Drivers/STM32F4xx_HAL_Driver/Src/stm32f4xx_hal_tim.o
                0x08004144                TIM_ETR_SetConfig
 .text.TIM_CCxChannelCmd
                0x08004184       0x4a ./Drivers/STM32F4xx_HAL_Driver/Src/stm32f4xx_hal_tim.o
                0x08004184                TIM_CCxChannelCmd
 *fill*         0x080041ce        0x2 
 .text.HAL_TIMEx_MasterConfigSynchronization
                0x080041d0       0xf8 ./Drivers/STM32F4xx_HAL_Driver/Src/stm32f4xx_hal_tim_ex.o
                0x080041d0                HAL_TIMEx_MasterConfigSynchronization
 .text.HAL_UART_Init
                0x080042c8       0xa0 ./Drivers/STM32F4xx_HAL_Driver/Src/stm32f4xx_hal_uart.o
                0x080042c8                HAL_UART_Init
 .text.HAL_UART_Transmit_DMA
                0x08004368       0xe0 ./Drivers/STM32F4xx_HAL_Driver/Src/stm32f4xx_hal_uart.o
                0x08004368                HAL_UART_Transmit_DMA
 .text.HAL_UART_Receive_DMA
                0x08004448       0x4a ./Drivers/STM32F4xx_HAL_Driver/Src/stm32f4xx_hal_uart.o
                0x08004448                HAL_UART_Receive_DMA
 .text.HAL_UART_TxHalfCpltCallback
                0x08004492       0x14 ./Drivers/STM32F4xx_HAL_Driver/Src/stm32f4xx_hal_uart.o
                0x08004492                HAL_UART_TxHalfCpltCallback
 .text.HAL_UART_RxHalfCpltCallback
                0x080044a6       0x14 ./Drivers/STM32F4xx_HAL_Driver/Src/stm32f4xx_hal_uart.o
                0x080044a6                HAL_UART_RxHalfCpltCallback
 .text.HAL_UART_ErrorCallback
                0x080044ba       0x14 ./Drivers/STM32F4xx_HAL_Driver/Src/stm32f4xx_hal_uart.o
                0x080044ba                HAL_UART_ErrorCallback
 .text.HAL_UARTEx_RxEventCallback
                0x080044ce       0x18 ./Drivers/STM32F4xx_HAL_Driver/Src/stm32f4xx_hal_uart.o
                0x080044ce                HAL_UARTEx_RxEventCallback
 .text.UART_DMATransmitCplt
                0x080044e6       0x9a ./Drivers/STM32F4xx_HAL_Driver/Src/stm32f4xx_hal_uart.o
 .text.UART_DMATxHalfCplt
                0x08004580       0x1c ./Drivers/STM32F4xx_HAL_Driver/Src/stm32f4xx_hal_uart.o
 .text.UART_DMAReceiveCplt
                0x0800459c      0x12c ./Drivers/STM32F4xx_HAL_Driver/Src/stm32f4xx_hal_uart.o
 .text.UART_DMARxHalfCplt
                0x080046c8       0x3c ./Drivers/STM32F4xx_HAL_Driver/Src/stm32f4xx_hal_uart.o
 .text.UART_DMAError
                0x08004704       0x94 ./Drivers/STM32F4xx_HAL_Driver/Src/stm32f4xx_hal_uart.o
 .text.UART_Start_Receive_DMA
                0x08004798      0x134 ./Drivers/STM32F4xx_HAL_Driver/Src/stm32f4xx_hal_uart.o
                0x08004798                UART_Start_Receive_DMA
 .text.UART_EndTxTransfer
                0x080048cc       0x50 ./Drivers/STM32F4xx_HAL_Driver/Src/stm32f4xx_hal_uart.o
 .text.UART_EndRxTransfer
                0x0800491c       0xc6 ./Drivers/STM32F4xx_HAL_Driver/Src/stm32f4xx_hal_uart.o
 *fill*         0x080049e2        0x2 
 .text.UART_SetConfig
                0x080049e4      0x4e8 ./Drivers/STM32F4xx_HAL_Driver/Src/stm32f4xx_hal_uart.o
 .text.memset   0x08004ecc       0x10 D:/progs/STM/IDE/STM32CubeIDE/plugins/com.st.stm32cube.ide.mcu.externaltools.gnu-tools-for-stm32.12.3.rel1.win32_1.1.0.202410251130/tools/bin/../lib/gcc/arm-none-eabi/12.3.1/../../../../arm-none-eabi/lib/thumb/v7e-m+fp/hard\libc_nano.a(libc_a-memset.o)
                0x08004ecc                memset
 .text.__errno  0x08004edc        0xc D:/progs/STM/IDE/STM32CubeIDE/plugins/com.st.stm32cube.ide.mcu.externaltools.gnu-tools-for-stm32.12.3.rel1.win32_1.1.0.202410251130/tools/bin/../lib/gcc/arm-none-eabi/12.3.1/../../../../arm-none-eabi/lib/thumb/v7e-m+fp/hard\libc_nano.a(libc_a-errno.o)
                0x08004edc                __errno
 .text.__libc_init_array
                0x08004ee8       0x48 D:/progs/STM/IDE/STM32CubeIDE/plugins/com.st.stm32cube.ide.mcu.externaltools.gnu-tools-for-stm32.12.3.rel1.win32_1.1.0.202410251130/tools/bin/../lib/gcc/arm-none-eabi/12.3.1/../../../../arm-none-eabi/lib/thumb/v7e-m+fp/hard\libc_nano.a(libc_a-init.o)
                0x08004ee8                __libc_init_array
 .text.pow      0x08004f30       0xe0 D:/progs/STM/IDE/STM32CubeIDE/plugins/com.st.stm32cube.ide.mcu.externaltools.gnu-tools-for-stm32.12.3.rel1.win32_1.1.0.202410251130/tools/bin/../lib/gcc/arm-none-eabi/12.3.1/../../../../arm-none-eabi/lib/thumb/v7e-m+fp/hard\libm.a(libm_a-w_pow.o)
                0x08004f30                pow
 .text.finite   0x08005010       0x16 D:/progs/STM/IDE/STM32CubeIDE/plugins/com.st.stm32cube.ide.mcu.externaltools.gnu-tools-for-stm32.12.3.rel1.win32_1.1.0.202410251130/tools/bin/../lib/gcc/arm-none-eabi/12.3.1/../../../../arm-none-eabi/lib/thumb/v7e-m+fp/hard\libm.a(libm_a-s_finite.o)
                0x08005010                finite
 *fill*         0x08005026        0x2 
 .text.__ieee754_pow
                0x08005028      0xa88 D:/progs/STM/IDE/STM32CubeIDE/plugins/com.st.stm32cube.ide.mcu.externaltools.gnu-tools-for-stm32.12.3.rel1.win32_1.1.0.202410251130/tools/bin/../lib/gcc/arm-none-eabi/12.3.1/../../../../arm-none-eabi/lib/thumb/v7e-m+fp/hard\libm.a(libm_a-e_pow.o)
                0x08005028                __ieee754_pow
 .text.fabs     0x08005ab0       0x10 D:/progs/STM/IDE/STM32CubeIDE/plugins/com.st.stm32cube.ide.mcu.externaltools.gnu-tools-for-stm32.12.3.rel1.win32_1.1.0.202410251130/tools/bin/../lib/gcc/arm-none-eabi/12.3.1/../../../../arm-none-eabi/lib/thumb/v7e-m+fp/hard\libm.a(libm_a-s_fabs.o)
                0x08005ab0                fabs
 .text.scalbn   0x08005ac0       0xfc D:/progs/STM/IDE/STM32CubeIDE/plugins/com.st.stm32cube.ide.mcu.externaltools.gnu-tools-for-stm32.12.3.rel1.win32_1.1.0.202410251130/tools/bin/../lib/gcc/arm-none-eabi/12.3.1/../../../../arm-none-eabi/lib/thumb/v7e-m+fp/hard\libm.a(libm_a-s_scalbn.o)
                0x08005ac0                scalbn
 .text.with_errno
                0x08005bbc       0x24 D:/progs/STM/IDE/STM32CubeIDE/plugins/com.st.stm32cube.ide.mcu.externaltools.gnu-tools-for-stm32.12.3.rel1.win32_1.1.0.202410251130/tools/bin/../lib/gcc/arm-none-eabi/12.3.1/../../../../arm-none-eabi/lib/thumb/v7e-m+fp/hard\libm.a(libm_a-math_err.o)
 .text.xflow    0x08005be0       0x32 D:/progs/STM/IDE/STM32CubeIDE/plugins/com.st.stm32cube.ide.mcu.externaltools.gnu-tools-for-stm32.12.3.rel1.win32_1.1.0.202410251130/tools/bin/../lib/gcc/arm-none-eabi/12.3.1/../../../../arm-none-eabi/lib/thumb/v7e-m+fp/hard\libm.a(libm_a-math_err.o)
 *fill*         0x08005c12        0x6 
 .text.__math_uflow
                0x08005c18       0x10 D:/progs/STM/IDE/STM32CubeIDE/plugins/com.st.stm32cube.ide.mcu.externaltools.gnu-tools-for-stm32.12.3.rel1.win32_1.1.0.202410251130/tools/bin/../lib/gcc/arm-none-eabi/12.3.1/../../../../arm-none-eabi/lib/thumb/v7e-m+fp/hard\libm.a(libm_a-math_err.o)
                0x08005c18                __math_uflow
 .text.__math_oflow
                0x08005c28       0x10 D:/progs/STM/IDE/STM32CubeIDE/plugins/com.st.stm32cube.ide.mcu.externaltools.gnu-tools-for-stm32.12.3.rel1.win32_1.1.0.202410251130/tools/bin/../lib/gcc/arm-none-eabi/12.3.1/../../../../arm-none-eabi/lib/thumb/v7e-m+fp/hard\libm.a(libm_a-math_err.o)
                0x08005c28                __math_oflow
 .text.__ieee754_sqrt
                0x08005c38      0x1b4 D:/progs/STM/IDE/STM32CubeIDE/plugins/com.st.stm32cube.ide.mcu.externaltools.gnu-tools-for-stm32.12.3.rel1.win32_1.1.0.202410251130/tools/bin/../lib/gcc/arm-none-eabi/12.3.1/../../../../arm-none-eabi/lib/thumb/v7e-m+fp/hard\libm.a(libm_a-e_sqrt.o)
                0x08005c38                __ieee754_sqrt
 *(.glue_7)
 .glue_7        0x08005dec        0x0 linker stubs
 *(.glue_7t)
 .glue_7t       0x08005dec        0x0 linker stubs
 *(.eh_frame)
 .eh_frame      0x08005dec        0x0 D:/progs/STM/IDE/STM32CubeIDE/plugins/com.st.stm32cube.ide.mcu.externaltools.gnu-tools-for-stm32.12.3.rel1.win32_1.1.0.202410251130/tools/bin/../lib/gcc/arm-none-eabi/12.3.1/thumb/v7e-m+fp/hard/crtbegin.o
 *(.init)
 .init          0x08005dec        0x4 D:/progs/STM/IDE/STM32CubeIDE/plugins/com.st.stm32cube.ide.mcu.externaltools.gnu-tools-for-stm32.12.3.rel1.win32_1.1.0.202410251130/tools/bin/../lib/gcc/arm-none-eabi/12.3.1/thumb/v7e-m+fp/hard/crti.o
                0x08005dec                _init
 .init          0x08005df0        0x8 D:/progs/STM/IDE/STM32CubeIDE/plugins/com.st.stm32cube.ide.mcu.externaltools.gnu-tools-for-stm32.12.3.rel1.win32_1.1.0.202410251130/tools/bin/../lib/gcc/arm-none-eabi/12.3.1/thumb/v7e-m+fp/hard/crtn.o
 *(.fini)
 .fini          0x08005df8        0x4 D:/progs/STM/IDE/STM32CubeIDE/plugins/com.st.stm32cube.ide.mcu.externaltools.gnu-tools-for-stm32.12.3.rel1.win32_1.1.0.202410251130/tools/bin/../lib/gcc/arm-none-eabi/12.3.1/thumb/v7e-m+fp/hard/crti.o
                0x08005df8                _fini
 .fini          0x08005dfc        0x8 D:/progs/STM/IDE/STM32CubeIDE/plugins/com.st.stm32cube.ide.mcu.externaltools.gnu-tools-for-stm32.12.3.rel1.win32_1.1.0.202410251130/tools/bin/../lib/gcc/arm-none-eabi/12.3.1/thumb/v7e-m+fp/hard/crtn.o
                0x08005e04                        . = ALIGN (0x4)
                0x08005e04                        _etext = .

.vfp11_veneer   0x08005e04        0x0
 .vfp11_veneer  0x08005e04        0x0 linker stubs

.v4_bx          0x08005e04        0x0
 .v4_bx         0x08005e04        0x0 linker stubs

.iplt           0x08005e04        0x0
 .iplt          0x08005e04        0x0 D:/progs/STM/IDE/STM32CubeIDE/plugins/com.st.stm32cube.ide.mcu.externaltools.gnu-tools-for-stm32.12.3.rel1.win32_1.1.0.202410251130/tools/bin/../lib/gcc/arm-none-eabi/12.3.1/thumb/v7e-m+fp/hard/crtbegin.o

.rodata         0x08005e08       0x88
                0x08005e08                        . = ALIGN (0x4)
 *(.rodata)
 .rodata        0x08005e08       0x38 ./Core/Src/main.o
 *(.rodata*)
 .rodata.AHBPrescTable
                0x08005e40       0x10 ./Core/Src/system_stm32f4xx.o
                0x08005e40                AHBPrescTable
 .rodata.APBPrescTable
                0x08005e50        0x8 ./Core/Src/system_stm32f4xx.o
                0x08005e50                APBPrescTable
 .rodata.flagBitshiftOffset.0
                0x08005e58        0x8 ./Drivers/STM32F4xx_HAL_Driver/Src/stm32f4xx_hal_dma.o
 .rodata.dp_l   0x08005e60       0x10 D:/progs/STM/IDE/STM32CubeIDE/plugins/com.st.stm32cube.ide.mcu.externaltools.gnu-tools-for-stm32.12.3.rel1.win32_1.1.0.202410251130/tools/bin/../lib/gcc/arm-none-eabi/12.3.1/../../../../arm-none-eabi/lib/thumb/v7e-m+fp/hard\libm.a(libm_a-e_pow.o)
 .rodata.dp_h   0x08005e70       0x10 D:/progs/STM/IDE/STM32CubeIDE/plugins/com.st.stm32cube.ide.mcu.externaltools.gnu-tools-for-stm32.12.3.rel1.win32_1.1.0.202410251130/tools/bin/../lib/gcc/arm-none-eabi/12.3.1/../../../../arm-none-eabi/lib/thumb/v7e-m+fp/hard\libm.a(libm_a-e_pow.o)
 .rodata.bp     0x08005e80       0x10 D:/progs/STM/IDE/STM32CubeIDE/plugins/com.st.stm32cube.ide.mcu.externaltools.gnu-tools-for-stm32.12.3.rel1.win32_1.1.0.202410251130/tools/bin/../lib/gcc/arm-none-eabi/12.3.1/../../../../arm-none-eabi/lib/thumb/v7e-m+fp/hard\libm.a(libm_a-e_pow.o)
                0x08005e90                        . = ALIGN (0x4)

.ARM.extab      0x08005e90        0x0
                0x08005e90                        . = ALIGN (0x4)
 *(.ARM.extab* .gnu.linkonce.armextab.*)
                0x08005e90                        . = ALIGN (0x4)

.ARM            0x08005e90        0x8
                0x08005e90                        . = ALIGN (0x4)
                0x08005e90                        __exidx_start = .
 *(.ARM.exidx*)
 .ARM.exidx     0x08005e90        0x8 D:/progs/STM/IDE/STM32CubeIDE/plugins/com.st.stm32cube.ide.mcu.externaltools.gnu-tools-for-stm32.12.3.rel1.win32_1.1.0.202410251130/tools/bin/../lib/gcc/arm-none-eabi/12.3.1/../../../../arm-none-eabi/lib/thumb/v7e-m+fp/hard\libc_nano.a(libc_a-strlen.o)
 .ARM.exidx     0x08005e98        0x0 D:/progs/STM/IDE/STM32CubeIDE/plugins/com.st.stm32cube.ide.mcu.externaltools.gnu-tools-for-stm32.12.3.rel1.win32_1.1.0.202410251130/tools/bin/../lib/gcc/arm-none-eabi/12.3.1/thumb/v7e-m+fp/hard\libgcc.a(_udivmoddi4.o)
                                  0x8 (size before relaxing)
                0x08005e98                        __exidx_end = .
                0x08005e98                        . = ALIGN (0x4)

.preinit_array  0x08005e98        0x0
                0x08005e98                        . = ALIGN (0x4)
                0x08005e98                        PROVIDE (__preinit_array_start = .)
 *(.preinit_array*)
                0x08005e98                        PROVIDE (__preinit_array_end = .)
                0x08005e98                        . = ALIGN (0x4)

.init_array     0x08005e98        0x4
                0x08005e98                        . = ALIGN (0x4)
                0x08005e98                        PROVIDE (__init_array_start = .)
 *(SORT_BY_NAME(.init_array.*))
 *(.init_array*)
 .init_array    0x08005e98        0x4 D:/progs/STM/IDE/STM32CubeIDE/plugins/com.st.stm32cube.ide.mcu.externaltools.gnu-tools-for-stm32.12.3.rel1.win32_1.1.0.202410251130/tools/bin/../lib/gcc/arm-none-eabi/12.3.1/thumb/v7e-m+fp/hard/crtbegin.o
                0x08005e9c                        PROVIDE (__init_array_end = .)
                0x08005e9c                        . = ALIGN (0x4)

.fini_array     0x08005e9c        0x4
                0x08005e9c                        . = ALIGN (0x4)
                [!provide]                        PROVIDE (__fini_array_start = .)
 *(SORT_BY_NAME(.fini_array.*))
 *(.fini_array*)
 .fini_array    0x08005e9c        0x4 D:/progs/STM/IDE/STM32CubeIDE/plugins/com.st.stm32cube.ide.mcu.externaltools.gnu-tools-for-stm32.12.3.rel1.win32_1.1.0.202410251130/tools/bin/../lib/gcc/arm-none-eabi/12.3.1/thumb/v7e-m+fp/hard/crtbegin.o
                [!provide]                        PROVIDE (__fini_array_end = .)
                0x08005ea0                        . = ALIGN (0x4)
                0x08005ea0                        _sidata = LOADADDR (.data)

.rel.dyn        0x08005ea0        0x0
 .rel.iplt      0x08005ea0        0x0 D:/progs/STM/IDE/STM32CubeIDE/plugins/com.st.stm32cube.ide.mcu.externaltools.gnu-tools-for-stm32.12.3.rel1.win32_1.1.0.202410251130/tools/bin/../lib/gcc/arm-none-eabi/12.3.1/thumb/v7e-m+fp/hard/crtbegin.o

.data           0x20000000       0x70 load address 0x08005ea0
                0x20000000                        . = ALIGN (0x4)
                0x20000000                        _sdata = .
 *(.data)
 *(.data*)
 .data.SystemCoreClock
                0x20000000        0x4 ./Core/Src/system_stm32f4xx.o
                0x20000000                SystemCoreClock
 .data.uwTickPrio
                0x20000004        0x4 ./Drivers/STM32F4xx_HAL_Driver/Src/stm32f4xx_hal.o
                0x20000004                uwTickPrio
 .data.uwTickFreq
                0x20000008        0x1 ./Drivers/STM32F4xx_HAL_Driver/Src/stm32f4xx_hal.o
                0x20000008                uwTickFreq
 *fill*         0x20000009        0x3 
 .data._impure_ptr
                0x2000000c        0x4 D:/progs/STM/IDE/STM32CubeIDE/plugins/com.st.stm32cube.ide.mcu.externaltools.gnu-tools-for-stm32.12.3.rel1.win32_1.1.0.202410251130/tools/bin/../lib/gcc/arm-none-eabi/12.3.1/../../../../arm-none-eabi/lib/thumb/v7e-m+fp/hard\libc_nano.a(libc_a-impure.o)
                0x2000000c                _impure_ptr
 .data._impure_data
                0x20000010       0x4c D:/progs/STM/IDE/STM32CubeIDE/plugins/com.st.stm32cube.ide.mcu.externaltools.gnu-tools-for-stm32.12.3.rel1.win32_1.1.0.202410251130/tools/bin/../lib/gcc/arm-none-eabi/12.3.1/../../../../arm-none-eabi/lib/thumb/v7e-m+fp/hard\libc_nano.a(libc_a-impure.o)
                0x20000010                _impure_data
 *fill*         0x2000005c        0x4 
 .data.tiny     0x20000060        0x8 D:/progs/STM/IDE/STM32CubeIDE/plugins/com.st.stm32cube.ide.mcu.externaltools.gnu-tools-for-stm32.12.3.rel1.win32_1.1.0.202410251130/tools/bin/../lib/gcc/arm-none-eabi/12.3.1/../../../../arm-none-eabi/lib/thumb/v7e-m+fp/hard\libm.a(libm_a-e_sqrt.o)
 .data.one      0x20000068        0x8 D:/progs/STM/IDE/STM32CubeIDE/plugins/com.st.stm32cube.ide.mcu.externaltools.gnu-tools-for-stm32.12.3.rel1.win32_1.1.0.202410251130/tools/bin/../lib/gcc/arm-none-eabi/12.3.1/../../../../arm-none-eabi/lib/thumb/v7e-m+fp/hard\libm.a(libm_a-e_sqrt.o)
 *(.RamFunc)
 *(.RamFunc*)
                0x20000070                        . = ALIGN (0x4)
                0x20000070                        _edata = .
                0x08005f10                        _siccmram = LOADADDR (.ccmram)

.igot.plt       0x20000070        0x0 load address 0x08005f10
 .igot.plt      0x20000070        0x0 D:/progs/STM/IDE/STM32CubeIDE/plugins/com.st.stm32cube.ide.mcu.externaltools.gnu-tools-for-stm32.12.3.rel1.win32_1.1.0.202410251130/tools/bin/../lib/gcc/arm-none-eabi/12.3.1/thumb/v7e-m+fp/hard/crtbegin.o

.ccmram         0x10000000        0x0 load address 0x08005f10
                0x10000000                        . = ALIGN (0x4)
                0x10000000                        _sccmram = .
 *(.ccmram)
 *(.ccmram*)
                0x10000000                        . = ALIGN (0x4)
                0x10000000                        _eccmram = .
                0x10000000                        . = ALIGN (0x4)

.bss            0x20000070      0x7b4
                0x20000070                        _sbss = .
                0x20000070                        __bss_start__ = _sbss
 *(.bss)
 .bss           0x20000070       0x1c D:/progs/STM/IDE/STM32CubeIDE/plugins/com.st.stm32cube.ide.mcu.externaltools.gnu-tools-for-stm32.12.3.rel1.win32_1.1.0.202410251130/tools/bin/../lib/gcc/arm-none-eabi/12.3.1/thumb/v7e-m+fp/hard/crtbegin.o
 *(.bss*)
 .bss.htim2     0x2000008c       0x48 ./Core/Src/main.o
                0x2000008c                htim2
 .bss.htim4     0x200000d4       0x48 ./Core/Src/main.o
                0x200000d4                htim4
 .bss.htim8     0x2000011c       0x48 ./Core/Src/main.o
                0x2000011c                htim8
 .bss.hdma_tim8_up
                0x20000164       0x60 ./Core/Src/main.o
                0x20000164                hdma_tim8_up
 .bss.huart2    0x200001c4       0x48 ./Core/Src/main.o
                0x200001c4                huart2
 .bss.hdma_usart2_rx
                0x2000020c       0x60 ./Core/Src/main.o
                0x2000020c                hdma_usart2_rx
 .bss.hdma_usart2_tx
                0x2000026c       0x60 ./Core/Src/main.o
                0x2000026c                hdma_usart2_tx
 .bss.CRT_K     0x200002cc        0x4 ./Core/Src/main.o
                0x200002cc                CRT_K
 .bss.CRT_Gamma
                0x200002d0        0x4 ./Core/Src/main.o
                0x200002d0                CRT_Gamma
 .bss.led_brightness_table
                0x200002d4      0x3fc ./Core/Src/main.o
                0x200002d4                led_brightness_table
 .bss.rx_buffer
                0x200006d0        0x9 ./Core/Src/main.o
                0x200006d0                rx_buffer
 *fill*         0x200006d9        0x3 
 .bss.msg_buffer
                0x200006dc        0x9 ./Core/Src/main.o
                0x200006dc                msg_buffer
 .bss.msg_received_flug
                0x200006e5        0x1 ./Core/Src/main.o
                0x200006e5                msg_received_flug
 *fill*         0x200006e6        0x2 
 .bss.uwTick    0x200006e8        0x4 ./Drivers/STM32F4xx_HAL_Driver/Src/stm32f4xx_hal.o
                0x200006e8                uwTick
 .bss.__sf      0x200006ec      0x138 D:/progs/STM/IDE/STM32CubeIDE/plugins/com.st.stm32cube.ide.mcu.externaltools.gnu-tools-for-stm32.12.3.rel1.win32_1.1.0.202410251130/tools/bin/../lib/gcc/arm-none-eabi/12.3.1/../../../../arm-none-eabi/lib/thumb/v7e-m+fp/hard\libc_nano.a(libc_a-findfp.o)
                0x200006ec                __sf
 *(COMMON)
                0x20000824                        . = ALIGN (0x4)
                0x20000824                        _ebss = .
                0x20000824                        __bss_end__ = _ebss

._user_heap_stack
                0x20000824      0x604
                0x20000828                        . = ALIGN (0x8)
 *fill*         0x20000824        0x4 
                [!provide]                        PROVIDE (end = .)
                0x20000828                        PROVIDE (_end = .)
                0x20000a28                        . = (. + _Min_Heap_Size)
 *fill*         0x20000828      0x200 
                0x20000e28                        . = (. + _Min_Stack_Size)
 *fill*         0x20000a28      0x400 
                0x20000e28                        . = ALIGN (0x8)

/DISCARD/
 libc.a(*)
 libm.a(*)
 libgcc.a(*)

.ARM.attributes
                0x00000000       0x30
 *(.ARM.attributes)
 .ARM.attributes
                0x00000000       0x22 D:/progs/STM/IDE/STM32CubeIDE/plugins/com.st.stm32cube.ide.mcu.externaltools.gnu-tools-for-stm32.12.3.rel1.win32_1.1.0.202410251130/tools/bin/../lib/gcc/arm-none-eabi/12.3.1/thumb/v7e-m+fp/hard/crti.o
 .ARM.attributes
                0x00000022       0x34 D:/progs/STM/IDE/STM32CubeIDE/plugins/com.st.stm32cube.ide.mcu.externaltools.gnu-tools-for-stm32.12.3.rel1.win32_1.1.0.202410251130/tools/bin/../lib/gcc/arm-none-eabi/12.3.1/thumb/v7e-m+fp/hard/crtbegin.o
 .ARM.attributes
                0x00000056       0x34 ./Core/Src/main.o
 .ARM.attributes
                0x0000008a       0x34 ./Core/Src/servo.o
 .ARM.attributes
                0x000000be       0x34 ./Core/Src/stm32f4xx_hal_msp.o
 .ARM.attributes
                0x000000f2       0x34 ./Core/Src/stm32f4xx_it.o
 .ARM.attributes
                0x00000126       0x34 ./Core/Src/system_stm32f4xx.o
 .ARM.attributes
                0x0000015a       0x21 ./Core/Startup/startup_stm32f407vgtx.o
 .ARM.attributes
                0x0000017b       0x34 ./Drivers/STM32F4xx_HAL_Driver/Src/stm32f4xx_hal.o
 .ARM.attributes
                0x000001af       0x34 ./Drivers/STM32F4xx_HAL_Driver/Src/stm32f4xx_hal_cortex.o
 .ARM.attributes
                0x000001e3       0x34 ./Drivers/STM32F4xx_HAL_Driver/Src/stm32f4xx_hal_dma.o
 .ARM.attributes
                0x00000217       0x34 ./Drivers/STM32F4xx_HAL_Driver/Src/stm32f4xx_hal_gpio.o
 .ARM.attributes
                0x0000024b       0x34 ./Drivers/STM32F4xx_HAL_Driver/Src/stm32f4xx_hal_rcc.o
 .ARM.attributes
                0x0000027f       0x34 ./Drivers/STM32F4xx_HAL_Driver/Src/stm32f4xx_hal_tim.o
 .ARM.attributes
                0x000002b3       0x34 ./Drivers/STM32F4xx_HAL_Driver/Src/stm32f4xx_hal_tim_ex.o
 .ARM.attributes
                0x000002e7       0x34 ./Drivers/STM32F4xx_HAL_Driver/Src/stm32f4xx_hal_uart.o
 .ARM.attributes
                0x0000031b       0x34 D:/progs/STM/IDE/STM32CubeIDE/plugins/com.st.stm32cube.ide.mcu.externaltools.gnu-tools-for-stm32.12.3.rel1.win32_1.1.0.202410251130/tools/bin/../lib/gcc/arm-none-eabi/12.3.1/../../../../arm-none-eabi/lib/thumb/v7e-m+fp/hard\libc_nano.a(libc_a-findfp.o)
 .ARM.attributes
                0x0000034f       0x34 D:/progs/STM/IDE/STM32CubeIDE/plugins/com.st.stm32cube.ide.mcu.externaltools.gnu-tools-for-stm32.12.3.rel1.win32_1.1.0.202410251130/tools/bin/../lib/gcc/arm-none-eabi/12.3.1/../../../../arm-none-eabi/lib/thumb/v7e-m+fp/hard\libc_nano.a(libc_a-memset.o)
 .ARM.attributes
                0x00000383       0x34 D:/progs/STM/IDE/STM32CubeIDE/plugins/com.st.stm32cube.ide.mcu.externaltools.gnu-tools-for-stm32.12.3.rel1.win32_1.1.0.202410251130/tools/bin/../lib/gcc/arm-none-eabi/12.3.1/../../../../arm-none-eabi/lib/thumb/v7e-m+fp/hard\libc_nano.a(libc_a-impure.o)
 .ARM.attributes
                0x000003b7       0x34 D:/progs/STM/IDE/STM32CubeIDE/plugins/com.st.stm32cube.ide.mcu.externaltools.gnu-tools-for-stm32.12.3.rel1.win32_1.1.0.202410251130/tools/bin/../lib/gcc/arm-none-eabi/12.3.1/../../../../arm-none-eabi/lib/thumb/v7e-m+fp/hard\libc_nano.a(libc_a-errno.o)
 .ARM.attributes
                0x000003eb       0x34 D:/progs/STM/IDE/STM32CubeIDE/plugins/com.st.stm32cube.ide.mcu.externaltools.gnu-tools-for-stm32.12.3.rel1.win32_1.1.0.202410251130/tools/bin/../lib/gcc/arm-none-eabi/12.3.1/../../../../arm-none-eabi/lib/thumb/v7e-m+fp/hard\libc_nano.a(libc_a-init.o)
 .ARM.attributes
                0x0000041f       0x17 D:/progs/STM/IDE/STM32CubeIDE/plugins/com.st.stm32cube.ide.mcu.externaltools.gnu-tools-for-stm32.12.3.rel1.win32_1.1.0.202410251130/tools/bin/../lib/gcc/arm-none-eabi/12.3.1/../../../../arm-none-eabi/lib/thumb/v7e-m+fp/hard\libc_nano.a(libc_a-strlen.o)
 .ARM.attributes
                0x00000436       0x34 D:/progs/STM/IDE/STM32CubeIDE/plugins/com.st.stm32cube.ide.mcu.externaltools.gnu-tools-for-stm32.12.3.rel1.win32_1.1.0.202410251130/tools/bin/../lib/gcc/arm-none-eabi/12.3.1/../../../../arm-none-eabi/lib/thumb/v7e-m+fp/hard\libm.a(libm_a-w_pow.o)
 .ARM.attributes
                0x0000046a       0x34 D:/progs/STM/IDE/STM32CubeIDE/plugins/com.st.stm32cube.ide.mcu.externaltools.gnu-tools-for-stm32.12.3.rel1.win32_1.1.0.202410251130/tools/bin/../lib/gcc/arm-none-eabi/12.3.1/../../../../arm-none-eabi/lib/thumb/v7e-m+fp/hard\libm.a(libm_a-s_finite.o)
 .ARM.attributes
                0x0000049e       0x34 D:/progs/STM/IDE/STM32CubeIDE/plugins/com.st.stm32cube.ide.mcu.externaltools.gnu-tools-for-stm32.12.3.rel1.win32_1.1.0.202410251130/tools/bin/../lib/gcc/arm-none-eabi/12.3.1/../../../../arm-none-eabi/lib/thumb/v7e-m+fp/hard\libm.a(libm_a-e_pow.o)
 .ARM.attributes
                0x000004d2       0x34 D:/progs/STM/IDE/STM32CubeIDE/plugins/com.st.stm32cube.ide.mcu.externaltools.gnu-tools-for-stm32.12.3.rel1.win32_1.1.0.202410251130/tools/bin/../lib/gcc/arm-none-eabi/12.3.1/../../../../arm-none-eabi/lib/thumb/v7e-m+fp/hard\libm.a(libm_a-s_fabs.o)
 .ARM.attributes
                0x00000506       0x34 D:/progs/STM/IDE/STM32CubeIDE/plugins/com.st.stm32cube.ide.mcu.externaltools.gnu-tools-for-stm32.12.3.rel1.win32_1.1.0.202410251130/tools/bin/../lib/gcc/arm-none-eabi/12.3.1/../../../../arm-none-eabi/lib/thumb/v7e-m+fp/hard\libm.a(libm_a-s_scalbn.o)
 .ARM.attributes
                0x0000053a       0x34 D:/progs/STM/IDE/STM32CubeIDE/plugins/com.st.stm32cube.ide.mcu.externaltools.gnu-tools-for-stm32.12.3.rel1.win32_1.1.0.202410251130/tools/bin/../lib/gcc/arm-none-eabi/12.3.1/../../../../arm-none-eabi/lib/thumb/v7e-m+fp/hard\libm.a(libm_a-math_err.o)
 .ARM.attributes
                0x0000056e       0x34 D:/progs/STM/IDE/STM32CubeIDE/plugins/com.st.stm32cube.ide.mcu.externaltools.gnu-tools-for-stm32.12.3.rel1.win32_1.1.0.202410251130/tools/bin/../lib/gcc/arm-none-eabi/12.3.1/../../../../arm-none-eabi/lib/thumb/v7e-m+fp/hard\libm.a(libm_a-e_sqrt.o)
 .ARM.attributes
                0x000005a2       0x22 D:/progs/STM/IDE/STM32CubeIDE/plugins/com.st.stm32cube.ide.mcu.externaltools.gnu-tools-for-stm32.12.3.rel1.win32_1.1.0.202410251130/tools/bin/../lib/gcc/arm-none-eabi/12.3.1/thumb/v7e-m+fp/hard\libgcc.a(_arm_addsubdf3.o)
 .ARM.attributes
                0x000005c4       0x22 D:/progs/STM/IDE/STM32CubeIDE/plugins/com.st.stm32cube.ide.mcu.externaltools.gnu-tools-for-stm32.12.3.rel1.win32_1.1.0.202410251130/tools/bin/../lib/gcc/arm-none-eabi/12.3.1/thumb/v7e-m+fp/hard\libgcc.a(_arm_muldivdf3.o)
 .ARM.attributes
                0x000005e6       0x22 D:/progs/STM/IDE/STM32CubeIDE/plugins/com.st.stm32cube.ide.mcu.externaltools.gnu-tools-for-stm32.12.3.rel1.win32_1.1.0.202410251130/tools/bin/../lib/gcc/arm-none-eabi/12.3.1/thumb/v7e-m+fp/hard\libgcc.a(_arm_cmpdf2.o)
 .ARM.attributes
                0x00000608       0x22 D:/progs/STM/IDE/STM32CubeIDE/plugins/com.st.stm32cube.ide.mcu.externaltools.gnu-tools-for-stm32.12.3.rel1.win32_1.1.0.202410251130/tools/bin/../lib/gcc/arm-none-eabi/12.3.1/thumb/v7e-m+fp/hard\libgcc.a(_arm_unorddf2.o)
 .ARM.attributes
                0x0000062a       0x22 D:/progs/STM/IDE/STM32CubeIDE/plugins/com.st.stm32cube.ide.mcu.externaltools.gnu-tools-for-stm32.12.3.rel1.win32_1.1.0.202410251130/tools/bin/../lib/gcc/arm-none-eabi/12.3.1/thumb/v7e-m+fp/hard\libgcc.a(_arm_fixunsdfsi.o)
 .ARM.attributes
                0x0000064c       0x22 D:/progs/STM/IDE/STM32CubeIDE/plugins/com.st.stm32cube.ide.mcu.externaltools.gnu-tools-for-stm32.12.3.rel1.win32_1.1.0.202410251130/tools/bin/../lib/gcc/arm-none-eabi/12.3.1/thumb/v7e-m+fp/hard\libgcc.a(_arm_truncdfsf2.o)
 .ARM.attributes
                0x0000066e       0x22 D:/progs/STM/IDE/STM32CubeIDE/plugins/com.st.stm32cube.ide.mcu.externaltools.gnu-tools-for-stm32.12.3.rel1.win32_1.1.0.202410251130/tools/bin/../lib/gcc/arm-none-eabi/12.3.1/thumb/v7e-m+fp/hard\libgcc.a(_aeabi_uldivmod.o)
 .ARM.attributes
                0x00000690       0x34 D:/progs/STM/IDE/STM32CubeIDE/plugins/com.st.stm32cube.ide.mcu.externaltools.gnu-tools-for-stm32.12.3.rel1.win32_1.1.0.202410251130/tools/bin/../lib/gcc/arm-none-eabi/12.3.1/thumb/v7e-m+fp/hard\libgcc.a(_udivmoddi4.o)
 .ARM.attributes
                0x000006c4       0x22 D:/progs/STM/IDE/STM32CubeIDE/plugins/com.st.stm32cube.ide.mcu.externaltools.gnu-tools-for-stm32.12.3.rel1.win32_1.1.0.202410251130/tools/bin/../lib/gcc/arm-none-eabi/12.3.1/thumb/v7e-m+fp/hard\libgcc.a(_dvmd_tls.o)
 .ARM.attributes
                0x000006e6       0x22 D:/progs/STM/IDE/STM32CubeIDE/plugins/com.st.stm32cube.ide.mcu.externaltools.gnu-tools-for-stm32.12.3.rel1.win32_1.1.0.202410251130/tools/bin/../lib/gcc/arm-none-eabi/12.3.1/thumb/v7e-m+fp/hard/crtn.o
OUTPUT(lab1.elf elf32-littlearm)
LOAD linker stubs
LOAD D:/progs/STM/IDE/STM32CubeIDE/plugins/com.st.stm32cube.ide.mcu.externaltools.gnu-tools-for-stm32.12.3.rel1.win32_1.1.0.202410251130/tools/bin/../lib/gcc/arm-none-eabi/12.3.1/../../../../arm-none-eabi/lib/thumb/v7e-m+fp/hard\libc.a
LOAD D:/progs/STM/IDE/STM32CubeIDE/plugins/com.st.stm32cube.ide.mcu.externaltools.gnu-tools-for-stm32.12.3.rel1.win32_1.1.0.202410251130/tools/bin/../lib/gcc/arm-none-eabi/12.3.1/../../../../arm-none-eabi/lib/thumb/v7e-m+fp/hard\libm.a
LOAD D:/progs/STM/IDE/STM32CubeIDE/plugins/com.st.stm32cube.ide.mcu.externaltools.gnu-tools-for-stm32.12.3.rel1.win32_1.1.0.202410251130/tools/bin/../lib/gcc/arm-none-eabi/12.3.1/thumb/v7e-m+fp/hard\libgcc.a

.debug_info     0x00000000     0xd511
 .debug_info    0x00000000     0x18a8 ./Core/Src/main.o
 .debug_info    0x000018a8      0x897 ./Core/Src/servo.o
 .debug_info    0x0000213f      0xdb0 ./Core/Src/stm32f4xx_hal_msp.o
 .debug_info    0x00002eef      0x3f0 ./Core/Src/stm32f4xx_it.o
 .debug_info    0x000032df      0x512 ./Core/Src/system_stm32f4xx.o
 .debug_info    0x000037f1       0x30 ./Core/Startup/startup_stm32f407vgtx.o
 .debug_info    0x00003821      0x944 ./Drivers/STM32F4xx_HAL_Driver/Src/stm32f4xx_hal.o
 .debug_info    0x00004165      0xd8c ./Drivers/STM32F4xx_HAL_Driver/Src/stm32f4xx_hal_cortex.o
 .debug_info    0x00004ef1      0x8e7 ./Drivers/STM32F4xx_HAL_Driver/Src/stm32f4xx_hal_dma.o
 .debug_info    0x000057d8      0x6c3 ./Drivers/STM32F4xx_HAL_Driver/Src/stm32f4xx_hal_gpio.o
 .debug_info    0x00005e9b      0x8af ./Drivers/STM32F4xx_HAL_Driver/Src/stm32f4xx_hal_rcc.o
 .debug_info    0x0000674a     0x299d ./Drivers/STM32F4xx_HAL_Driver/Src/stm32f4xx_hal_tim.o
 .debug_info    0x000090e7     0x14db ./Drivers/STM32F4xx_HAL_Driver/Src/stm32f4xx_hal_tim_ex.o
 .debug_info    0x0000a5c2     0x2f4f ./Drivers/STM32F4xx_HAL_Driver/Src/stm32f4xx_hal_uart.o

.debug_abbrev   0x00000000     0x1e60
 .debug_abbrev  0x00000000      0x3a2 ./Core/Src/main.o
 .debug_abbrev  0x000003a2      0x1ec ./Core/Src/servo.o
 .debug_abbrev  0x0000058e      0x200 ./Core/Src/stm32f4xx_hal_msp.o
 .debug_abbrev  0x0000078e      0x16b ./Core/Src/stm32f4xx_it.o
 .debug_abbrev  0x000008f9      0x11a ./Core/Src/system_stm32f4xx.o
 .debug_abbrev  0x00000a13       0x24 ./Core/Startup/startup_stm32f407vgtx.o
 .debug_abbrev  0x00000a37      0x214 ./Drivers/STM32F4xx_HAL_Driver/Src/stm32f4xx_hal.o
 .debug_abbrev  0x00000c4b      0x31d ./Drivers/STM32F4xx_HAL_Driver/Src/stm32f4xx_hal_cortex.o
 .debug_abbrev  0x00000f68      0x264 ./Drivers/STM32F4xx_HAL_Driver/Src/stm32f4xx_hal_dma.o
 .debug_abbrev  0x000011cc      0x1d4 ./Drivers/STM32F4xx_HAL_Driver/Src/stm32f4xx_hal_gpio.o
 .debug_abbrev  0x000013a0      0x2b7 ./Drivers/STM32F4xx_HAL_Driver/Src/stm32f4xx_hal_rcc.o
 .debug_abbrev  0x00001657      0x278 ./Drivers/STM32F4xx_HAL_Driver/Src/stm32f4xx_hal_tim.o
 .debug_abbrev  0x000018cf      0x283 ./Drivers/STM32F4xx_HAL_Driver/Src/stm32f4xx_hal_tim_ex.o
 .debug_abbrev  0x00001b52      0x30e ./Drivers/STM32F4xx_HAL_Driver/Src/stm32f4xx_hal_uart.o

.debug_aranges  0x00000000      0xcc0
 .debug_aranges
                0x00000000       0xb8 ./Core/Src/main.o
 .debug_aranges
                0x000000b8       0x28 ./Core/Src/servo.o
 .debug_aranges
                0x000000e0       0x48 ./Core/Src/stm32f4xx_hal_msp.o
 .debug_aranges
                0x00000128       0x78 ./Core/Src/stm32f4xx_it.o
 .debug_aranges
                0x000001a0       0x28 ./Core/Src/system_stm32f4xx.o
 .debug_aranges
                0x000001c8       0x28 ./Core/Startup/startup_stm32f407vgtx.o
 .debug_aranges
                0x000001f0       0xf0 ./Drivers/STM32F4xx_HAL_Driver/Src/stm32f4xx_hal.o
 .debug_aranges
                0x000002e0      0x130 ./Drivers/STM32F4xx_HAL_Driver/Src/stm32f4xx_hal_cortex.o
 .debug_aranges
                0x00000410       0x90 ./Drivers/STM32F4xx_HAL_Driver/Src/stm32f4xx_hal_dma.o
 .debug_aranges
                0x000004a0       0x58 ./Drivers/STM32F4xx_HAL_Driver/Src/stm32f4xx_hal_gpio.o
 .debug_aranges
                0x000004f8       0x88 ./Drivers/STM32F4xx_HAL_Driver/Src/stm32f4xx_hal_rcc.o
 .debug_aranges
                0x00000580      0x3d0 ./Drivers/STM32F4xx_HAL_Driver/Src/stm32f4xx_hal_tim.o
 .debug_aranges
                0x00000950      0x168 ./Drivers/STM32F4xx_HAL_Driver/Src/stm32f4xx_hal_tim_ex.o
 .debug_aranges
                0x00000ab8      0x208 ./Drivers/STM32F4xx_HAL_Driver/Src/stm32f4xx_hal_uart.o

.debug_rnglists
                0x00000000      0xa00
 .debug_rnglists
                0x00000000       0x8c ./Core/Src/main.o
 .debug_rnglists
                0x0000008c       0x1a ./Core/Src/servo.o
 .debug_rnglists
                0x000000a6       0x33 ./Core/Src/stm32f4xx_hal_msp.o
 .debug_rnglists
                0x000000d9       0x55 ./Core/Src/stm32f4xx_it.o
 .debug_rnglists
                0x0000012e       0x1a ./Core/Src/system_stm32f4xx.o
 .debug_rnglists
                0x00000148       0x19 ./Core/Startup/startup_stm32f407vgtx.o
 .debug_rnglists
                0x00000161       0xaf ./Drivers/STM32F4xx_HAL_Driver/Src/stm32f4xx_hal.o
 .debug_rnglists
                0x00000210       0xe0 ./Drivers/STM32F4xx_HAL_Driver/Src/stm32f4xx_hal_cortex.o
 .debug_rnglists
                0x000002f0       0x70 ./Drivers/STM32F4xx_HAL_Driver/Src/stm32f4xx_hal_dma.o
 .debug_rnglists
                0x00000360       0x3f ./Drivers/STM32F4xx_HAL_Driver/Src/stm32f4xx_hal_gpio.o
 .debug_rnglists
                0x0000039f       0x66 ./Drivers/STM32F4xx_HAL_Driver/Src/stm32f4xx_hal_rcc.o
 .debug_rnglists
                0x00000405      0x31a ./Drivers/STM32F4xx_HAL_Driver/Src/stm32f4xx_hal_tim.o
 .debug_rnglists
                0x0000071f      0x125 ./Drivers/STM32F4xx_HAL_Driver/Src/stm32f4xx_hal_tim_ex.o
 .debug_rnglists
                0x00000844      0x1bc ./Drivers/STM32F4xx_HAL_Driver/Src/stm32f4xx_hal_uart.o

.debug_macro    0x00000000    0x21160
 .debug_macro   0x00000000      0x322 ./Core/Src/main.o
 .debug_macro   0x00000322      0xab4 ./Core/Src/main.o
 .debug_macro   0x00000dd6      0x29b ./Core/Src/main.o
 .debug_macro   0x00001071       0x2e ./Core/Src/main.o
 .debug_macro   0x0000109f       0x2f ./Core/Src/main.o
 .debug_macro   0x000010ce       0x22 ./Core/Src/main.o
 .debug_macro   0x000010f0       0x8e ./Core/Src/main.o
 .debug_macro   0x0000117e       0x51 ./Core/Src/main.o
 .debug_macro   0x000011cf      0x103 ./Core/Src/main.o
 .debug_macro   0x000012d2       0x6a ./Core/Src/main.o
 .debug_macro   0x0000133c      0x1df ./Core/Src/main.o
 .debug_macro   0x0000151b       0x1c ./Core/Src/main.o
 .debug_macro   0x00001537       0x22 ./Core/Src/main.o
 .debug_macro   0x00001559       0xfb ./Core/Src/main.o
 .debug_macro   0x00001654     0x1011 ./Core/Src/main.o
 .debug_macro   0x00002665      0x11f ./Core/Src/main.o
 .debug_macro   0x00002784    0x15e97 ./Core/Src/main.o
 .debug_macro   0x0001861b       0x6d ./Core/Src/main.o
 .debug_macro   0x00018688     0x369a ./Core/Src/main.o
 .debug_macro   0x0001bd22      0x189 ./Core/Src/main.o
 .debug_macro   0x0001beab       0x5c ./Core/Src/main.o
 .debug_macro   0x0001bf07      0x980 ./Core/Src/main.o
 .debug_macro   0x0001c887      0x9e9 ./Core/Src/main.o
 .debug_macro   0x0001d270      0x115 ./Core/Src/main.o
 .debug_macro   0x0001d385      0x13e ./Core/Src/main.o
 .debug_macro   0x0001d4c3       0xa5 ./Core/Src/main.o
 .debug_macro   0x0001d568      0x174 ./Core/Src/main.o
 .debug_macro   0x0001d6dc      0x287 ./Core/Src/main.o
 .debug_macro   0x0001d963       0x5f ./Core/Src/main.o
 .debug_macro   0x0001d9c2      0x236 ./Core/Src/main.o
 .debug_macro   0x0001dbf8      0x12c ./Core/Src/main.o
 .debug_macro   0x0001dd24      0x21e ./Core/Src/main.o
 .debug_macro   0x0001df42       0x2e ./Core/Src/main.o
 .debug_macro   0x0001df70      0x127 ./Core/Src/main.o
 .debug_macro   0x0001e097       0x7e ./Core/Src/main.o
 .debug_macro   0x0001e115       0x89 ./Core/Src/main.o
 .debug_macro   0x0001e19e      0x8ed ./Core/Src/main.o
 .debug_macro   0x0001ea8b       0x4d ./Core/Src/main.o
 .debug_macro   0x0001ead8      0x2aa ./Core/Src/main.o
 .debug_macro   0x0001ed82      0x12d ./Core/Src/main.o
 .debug_macro   0x0001eeaf       0x61 ./Core/Src/main.o
 .debug_macro   0x0001ef10       0x2a ./Core/Src/main.o
 .debug_macro   0x0001ef3a       0x43 ./Core/Src/main.o
 .debug_macro   0x0001ef7d       0x34 ./Core/Src/main.o
 .debug_macro   0x0001efb1       0x16 ./Core/Src/main.o
 .debug_macro   0x0001efc7       0x43 ./Core/Src/main.o
 .debug_macro   0x0001f00a       0x34 ./Core/Src/main.o
 .debug_macro   0x0001f03e       0x10 ./Core/Src/main.o
 .debug_macro   0x0001f04e       0x58 ./Core/Src/main.o
 .debug_macro   0x0001f0a6       0x8e ./Core/Src/main.o
 .debug_macro   0x0001f134       0x1c ./Core/Src/main.o
 .debug_macro   0x0001f150      0x177 ./Core/Src/main.o
 .debug_macro   0x0001f2c7      0x369 ./Core/Src/main.o
 .debug_macro   0x0001f630      0x19b ./Core/Src/main.o
 .debug_macro   0x0001f7cb       0x16 ./Core/Src/main.o
 .debug_macro   0x0001f7e1       0x35 ./Core/Src/main.o
 .debug_macro   0x0001f816       0x20 ./Core/Src/main.o
 .debug_macro   0x0001f836       0x10 ./Core/Src/main.o
 .debug_macro   0x0001f846       0x58 ./Core/Src/main.o
 .debug_macro   0x0001f89e       0x1c ./Core/Src/main.o
 .debug_macro   0x0001f8ba      0x1e6 ./Core/Src/servo.o
 .debug_macro   0x0001faa0       0x52 ./Core/Src/servo.o
 .debug_macro   0x0001faf2      0x2ca ./Core/Src/stm32f4xx_hal_msp.o
 .debug_macro   0x0001fdbc      0x2d4 ./Core/Src/stm32f4xx_it.o
 .debug_macro   0x00020090      0x1ce ./Core/Src/system_stm32f4xx.o
 .debug_macro   0x0002025e      0x22e ./Drivers/STM32F4xx_HAL_Driver/Src/stm32f4xx_hal.o
 .debug_macro   0x0002048c      0x1ce ./Drivers/STM32F4xx_HAL_Driver/Src/stm32f4xx_hal_cortex.o
 .debug_macro   0x0002065a      0x1d4 ./Drivers/STM32F4xx_HAL_Driver/Src/stm32f4xx_hal_dma.o
 .debug_macro   0x0002082e      0x1d4 ./Drivers/STM32F4xx_HAL_Driver/Src/stm32f4xx_hal_gpio.o
 .debug_macro   0x00020a02      0x1f2 ./Drivers/STM32F4xx_HAL_Driver/Src/stm32f4xx_hal_rcc.o
 .debug_macro   0x00020bf4      0x1cf ./Drivers/STM32F4xx_HAL_Driver/Src/stm32f4xx_hal_tim.o
 .debug_macro   0x00020dc3      0x1ce ./Drivers/STM32F4xx_HAL_Driver/Src/stm32f4xx_hal_tim_ex.o
 .debug_macro   0x00020f91      0x1cf ./Drivers/STM32F4xx_HAL_Driver/Src/stm32f4xx_hal_uart.o

.debug_line     0x00000000     0xead1
 .debug_line    0x00000000      0xcee ./Core/Src/main.o
 .debug_line    0x00000cee      0x7d2 ./Core/Src/servo.o
 .debug_line    0x000014c0      0x9e5 ./Core/Src/stm32f4xx_hal_msp.o
 .debug_line    0x00001ea5      0x9a6 ./Core/Src/stm32f4xx_it.o
 .debug_line    0x0000284b      0x7a7 ./Core/Src/system_stm32f4xx.o
 .debug_line    0x00002ff2       0x7a ./Core/Startup/startup_stm32f407vgtx.o
 .debug_line    0x0000306c      0xa10 ./Drivers/STM32F4xx_HAL_Driver/Src/stm32f4xx_hal.o
 .debug_line    0x00003a7c      0xd02 ./Drivers/STM32F4xx_HAL_Driver/Src/stm32f4xx_hal_cortex.o
 .debug_line    0x0000477e      0xf80 ./Drivers/STM32F4xx_HAL_Driver/Src/stm32f4xx_hal_dma.o
 .debug_line    0x000056fe      0xb9c ./Drivers/STM32F4xx_HAL_Driver/Src/stm32f4xx_hal_gpio.o
 .debug_line    0x0000629a      0xd9b ./Drivers/STM32F4xx_HAL_Driver/Src/stm32f4xx_hal_rcc.o
 .debug_line    0x00007035     0x37b4 ./Drivers/STM32F4xx_HAL_Driver/Src/stm32f4xx_hal_tim.o
 .debug_line    0x0000a7e9     0x1a06 ./Drivers/STM32F4xx_HAL_Driver/Src/stm32f4xx_hal_tim_ex.o
 .debug_line    0x0000c1ef     0x28e2 ./Drivers/STM32F4xx_HAL_Driver/Src/stm32f4xx_hal_uart.o

.debug_str      0x00000000    0xcb5cf
 .debug_str     0x00000000    0xc8b45 ./Core/Src/main.o
                              0xc8f1b (size before relaxing)
 .debug_str     0x000c8b45       0x1a ./Core/Src/servo.o
                              0xc469f (size before relaxing)
 .debug_str     0x000c8b5f       0xb2 ./Core/Src/stm32f4xx_hal_msp.o
                              0xc831e (size before relaxing)
 .debug_str     0x000c8c11      0x124 ./Core/Src/stm32f4xx_it.o
                              0xc7cba (size before relaxing)
 .debug_str     0x000c8d35       0xdb ./Core/Src/system_stm32f4xx.o
                              0xc3f0c (size before relaxing)
 .debug_str     0x000c8e10       0x6c ./Core/Startup/startup_stm32f407vgtx.o
 .debug_str     0x000c8e7c      0x60d ./Drivers/STM32F4xx_HAL_Driver/Src/stm32f4xx_hal.o
                              0xc4a92 (size before relaxing)
 .debug_str     0x000c9489      0x37f ./Drivers/STM32F4xx_HAL_Driver/Src/stm32f4xx_hal_cortex.o
                              0xc480e (size before relaxing)
 .debug_str     0x000c9808      0x2e6 ./Drivers/STM32F4xx_HAL_Driver/Src/stm32f4xx_hal_dma.o
                              0xc4328 (size before relaxing)
 .debug_str     0x000c9aee      0x121 ./Drivers/STM32F4xx_HAL_Driver/Src/stm32f4xx_hal_gpio.o
                              0xc4089 (size before relaxing)
 .debug_str     0x000c9c0f      0x233 ./Drivers/STM32F4xx_HAL_Driver/Src/stm32f4xx_hal_rcc.o
                              0xc4342 (size before relaxing)
 .debug_str     0x000c9e42      0xd3e ./Drivers/STM32F4xx_HAL_Driver/Src/stm32f4xx_hal_tim.o
                              0xc5298 (size before relaxing)
 .debug_str     0x000cab80      0x493 ./Drivers/STM32F4xx_HAL_Driver/Src/stm32f4xx_hal_tim_ex.o
                              0xc4aa4 (size before relaxing)
 .debug_str     0x000cb013      0x5bc ./Drivers/STM32F4xx_HAL_Driver/Src/stm32f4xx_hal_uart.o
                              0xc4923 (size before relaxing)

.comment        0x00000000       0x43
 .comment       0x00000000       0x43 ./Core/Src/main.o
                                 0x44 (size before relaxing)
 .comment       0x00000043       0x44 ./Core/Src/servo.o
 .comment       0x00000043       0x44 ./Core/Src/stm32f4xx_hal_msp.o
 .comment       0x00000043       0x44 ./Core/Src/stm32f4xx_it.o
 .comment       0x00000043       0x44 ./Core/Src/system_stm32f4xx.o
 .comment       0x00000043       0x44 ./Drivers/STM32F4xx_HAL_Driver/Src/stm32f4xx_hal.o
 .comment       0x00000043       0x44 ./Drivers/STM32F4xx_HAL_Driver/Src/stm32f4xx_hal_cortex.o
 .comment       0x00000043       0x44 ./Drivers/STM32F4xx_HAL_Driver/Src/stm32f4xx_hal_dma.o
 .comment       0x00000043       0x44 ./Drivers/STM32F4xx_HAL_Driver/Src/stm32f4xx_hal_gpio.o
 .comment       0x00000043       0x44 ./Drivers/STM32F4xx_HAL_Driver/Src/stm32f4xx_hal_rcc.o
 .comment       0x00000043       0x44 ./Drivers/STM32F4xx_HAL_Driver/Src/stm32f4xx_hal_tim.o
 .comment       0x00000043       0x44 ./Drivers/STM32F4xx_HAL_Driver/Src/stm32f4xx_hal_tim_ex.o
 .comment       0x00000043       0x44 ./Drivers/STM32F4xx_HAL_Driver/Src/stm32f4xx_hal_uart.o

.debug_frame    0x00000000     0x3c18
 .debug_frame   0x00000000      0x2d0 ./Core/Src/main.o
 .debug_frame   0x000002d0       0x5c ./Core/Src/servo.o
 .debug_frame   0x0000032c       0xec ./Core/Src/stm32f4xx_hal_msp.o
 .debug_frame   0x00000418      0x158 ./Core/Src/stm32f4xx_it.o
 .debug_frame   0x00000570       0x58 ./Core/Src/system_stm32f4xx.o
 .debug_frame   0x000005c8      0x374 ./Drivers/STM32F4xx_HAL_Driver/Src/stm32f4xx_hal.o
 .debug_frame   0x0000093c      0x508 ./Drivers/STM32F4xx_HAL_Driver/Src/stm32f4xx_hal_cortex.o
 .debug_frame   0x00000e44      0x250 ./Drivers/STM32F4xx_HAL_Driver/Src/stm32f4xx_hal_dma.o
 .debug_frame   0x00001094      0x14c ./Drivers/STM32F4xx_HAL_Driver/Src/stm32f4xx_hal_gpio.o
 .debug_frame   0x000011e0      0x1f4 ./Drivers/STM32F4xx_HAL_Driver/Src/stm32f4xx_hal_rcc.o
 .debug_frame   0x000013d4     0x11c0 ./Drivers/STM32F4xx_HAL_Driver/Src/stm32f4xx_hal_tim.o
 .debug_frame   0x00002594      0x638 ./Drivers/STM32F4xx_HAL_Driver/Src/stm32f4xx_hal_tim_ex.o
 .debug_frame   0x00002bcc      0x954 ./Drivers/STM32F4xx_HAL_Driver/Src/stm32f4xx_hal_uart.o
 .debug_frame   0x00003520      0x144 D:/progs/STM/IDE/STM32CubeIDE/plugins/com.st.stm32cube.ide.mcu.externaltools.gnu-tools-for-stm32.12.3.rel1.win32_1.1.0.202410251130/tools/bin/../lib/gcc/arm-none-eabi/12.3.1/../../../../arm-none-eabi/lib/thumb/v7e-m+fp/hard\libc_nano.a(libc_a-findfp.o)
 .debug_frame   0x00003664       0x20 D:/progs/STM/IDE/STM32CubeIDE/plugins/com.st.stm32cube.ide.mcu.externaltools.gnu-tools-for-stm32.12.3.rel1.win32_1.1.0.202410251130/tools/bin/../lib/gcc/arm-none-eabi/12.3.1/../../../../arm-none-eabi/lib/thumb/v7e-m+fp/hard\libc_nano.a(libc_a-memset.o)
 .debug_frame   0x00003684       0x20 D:/progs/STM/IDE/STM32CubeIDE/plugins/com.st.stm32cube.ide.mcu.externaltools.gnu-tools-for-stm32.12.3.rel1.win32_1.1.0.202410251130/tools/bin/../lib/gcc/arm-none-eabi/12.3.1/../../../../arm-none-eabi/lib/thumb/v7e-m+fp/hard\libc_nano.a(libc_a-errno.o)
 .debug_frame   0x000036a4       0x2c D:/progs/STM/IDE/STM32CubeIDE/plugins/com.st.stm32cube.ide.mcu.externaltools.gnu-tools-for-stm32.12.3.rel1.win32_1.1.0.202410251130/tools/bin/../lib/gcc/arm-none-eabi/12.3.1/../../../../arm-none-eabi/lib/thumb/v7e-m+fp/hard\libc_nano.a(libc_a-init.o)
 .debug_frame   0x000036d0       0x44 D:/progs/STM/IDE/STM32CubeIDE/plugins/com.st.stm32cube.ide.mcu.externaltools.gnu-tools-for-stm32.12.3.rel1.win32_1.1.0.202410251130/tools/bin/../lib/gcc/arm-none-eabi/12.3.1/../../../../arm-none-eabi/lib/thumb/v7e-m+fp/hard\libm.a(libm_a-w_pow.o)
 .debug_frame   0x00003714       0x28 D:/progs/STM/IDE/STM32CubeIDE/plugins/com.st.stm32cube.ide.mcu.externaltools.gnu-tools-for-stm32.12.3.rel1.win32_1.1.0.202410251130/tools/bin/../lib/gcc/arm-none-eabi/12.3.1/../../../../arm-none-eabi/lib/thumb/v7e-m+fp/hard\libm.a(libm_a-s_finite.o)
 .debug_frame   0x0000373c       0x78 D:/progs/STM/IDE/STM32CubeIDE/plugins/com.st.stm32cube.ide.mcu.externaltools.gnu-tools-for-stm32.12.3.rel1.win32_1.1.0.202410251130/tools/bin/../lib/gcc/arm-none-eabi/12.3.1/../../../../arm-none-eabi/lib/thumb/v7e-m+fp/hard\libm.a(libm_a-e_pow.o)
 .debug_frame   0x000037b4       0x20 D:/progs/STM/IDE/STM32CubeIDE/plugins/com.st.stm32cube.ide.mcu.externaltools.gnu-tools-for-stm32.12.3.rel1.win32_1.1.0.202410251130/tools/bin/../lib/gcc/arm-none-eabi/12.3.1/../../../../arm-none-eabi/lib/thumb/v7e-m+fp/hard\libm.a(libm_a-s_fabs.o)
 .debug_frame   0x000037d4       0x2c D:/progs/STM/IDE/STM32CubeIDE/plugins/com.st.stm32cube.ide.mcu.externaltools.gnu-tools-for-stm32.12.3.rel1.win32_1.1.0.202410251130/tools/bin/../lib/gcc/arm-none-eabi/12.3.1/../../../../arm-none-eabi/lib/thumb/v7e-m+fp/hard\libm.a(libm_a-s_scalbn.o)
 .debug_frame   0x00003800      0x158 D:/progs/STM/IDE/STM32CubeIDE/plugins/com.st.stm32cube.ide.mcu.externaltools.gnu-tools-for-stm32.12.3.rel1.win32_1.1.0.202410251130/tools/bin/../lib/gcc/arm-none-eabi/12.3.1/../../../../arm-none-eabi/lib/thumb/v7e-m+fp/hard\libm.a(libm_a-math_err.o)
 .debug_frame   0x00003958       0x38 D:/progs/STM/IDE/STM32CubeIDE/plugins/com.st.stm32cube.ide.mcu.externaltools.gnu-tools-for-stm32.12.3.rel1.win32_1.1.0.202410251130/tools/bin/../lib/gcc/arm-none-eabi/12.3.1/../../../../arm-none-eabi/lib/thumb/v7e-m+fp/hard\libm.a(libm_a-e_sqrt.o)
 .debug_frame   0x00003990       0xac D:/progs/STM/IDE/STM32CubeIDE/plugins/com.st.stm32cube.ide.mcu.externaltools.gnu-tools-for-stm32.12.3.rel1.win32_1.1.0.202410251130/tools/bin/../lib/gcc/arm-none-eabi/12.3.1/thumb/v7e-m+fp/hard\libgcc.a(_arm_addsubdf3.o)
 .debug_frame   0x00003a3c       0x50 D:/progs/STM/IDE/STM32CubeIDE/plugins/com.st.stm32cube.ide.mcu.externaltools.gnu-tools-for-stm32.12.3.rel1.win32_1.1.0.202410251130/tools/bin/../lib/gcc/arm-none-eabi/12.3.1/thumb/v7e-m+fp/hard\libgcc.a(_arm_muldivdf3.o)
 .debug_frame   0x00003a8c       0xc4 D:/progs/STM/IDE/STM32CubeIDE/plugins/com.st.stm32cube.ide.mcu.externaltools.gnu-tools-for-stm32.12.3.rel1.win32_1.1.0.202410251130/tools/bin/../lib/gcc/arm-none-eabi/12.3.1/thumb/v7e-m+fp/hard\libgcc.a(_arm_cmpdf2.o)
 .debug_frame   0x00003b50       0x20 D:/progs/STM/IDE/STM32CubeIDE/plugins/com.st.stm32cube.ide.mcu.externaltools.gnu-tools-for-stm32.12.3.rel1.win32_1.1.0.202410251130/tools/bin/../lib/gcc/arm-none-eabi/12.3.1/thumb/v7e-m+fp/hard\libgcc.a(_arm_unorddf2.o)
 .debug_frame   0x00003b70       0x24 D:/progs/STM/IDE/STM32CubeIDE/plugins/com.st.stm32cube.ide.mcu.externaltools.gnu-tools-for-stm32.12.3.rel1.win32_1.1.0.202410251130/tools/bin/../lib/gcc/arm-none-eabi/12.3.1/thumb/v7e-m+fp/hard\libgcc.a(_arm_fixunsdfsi.o)
 .debug_frame   0x00003b94       0x24 D:/progs/STM/IDE/STM32CubeIDE/plugins/com.st.stm32cube.ide.mcu.externaltools.gnu-tools-for-stm32.12.3.rel1.win32_1.1.0.202410251130/tools/bin/../lib/gcc/arm-none-eabi/12.3.1/thumb/v7e-m+fp/hard\libgcc.a(_arm_truncdfsf2.o)
 .debug_frame   0x00003bb8       0x2c D:/progs/STM/IDE/STM32CubeIDE/plugins/com.st.stm32cube.ide.mcu.externaltools.gnu-tools-for-stm32.12.3.rel1.win32_1.1.0.202410251130/tools/bin/../lib/gcc/arm-none-eabi/12.3.1/thumb/v7e-m+fp/hard\libgcc.a(_aeabi_uldivmod.o)
 .debug_frame   0x00003be4       0x34 D:/progs/STM/IDE/STM32CubeIDE/plugins/com.st.stm32cube.ide.mcu.externaltools.gnu-tools-for-stm32.12.3.rel1.win32_1.1.0.202410251130/tools/bin/../lib/gcc/arm-none-eabi/12.3.1/thumb/v7e-m+fp/hard\libgcc.a(_udivmoddi4.o)

.debug_line_str
                0x00000000       0x50
 .debug_line_str
                0x00000000       0x50 ./Core/Startup/startup_stm32f407vgtx.o
