../Core/Src/main.c:117:6:calc_CRT_K	8	static
../Core/Src/main.c:121:6:setup_CRT	8	static
../Core/Src/main.c:126:10:get_CRT	32	static
../Core/Src/main.c:130:6:calc_brightness_table	24	static
../Core/Src/main.c:138:6:set_blink_frequency	24	static
../Core/Src/main.c:157:10:get_servo_CCR	24	static
../Core/Src/main.c:172:6:setPWM	24	static
../Core/Src/main.c:180:6:USART_DMA_SendString	24	static
../Core/Src/main.c:188:6:HAL_UART_RxCpltCallback	16	static
../Core/Src/main.c:195:6:HAL_UART_TxCpltCallback	16	static
../Core/Src/main.c:203:9:crc8	32	static
../Core/Src/main.c:215:6:message_Processing	24	static
../Core/Src/main.c:236:6:LED_Processing	16	static
../Core/Src/main.c:252:6:SERVO_Processing	16	static
../Core/Src/main.c:266:5:main	8	static
../Core/Src/main.c:337:6:SystemClock_Config	88	static
../Core/Src/main.c:383:13:MX_TIM2_Init	64	static
../Core/Src/main.c:442:13:MX_TIM4_Init	64	static
../Core/Src/main.c:501:13:MX_TIM8_Init	32	static
../Core/Src/main.c:547:13:MX_USART2_UART_Init	8	static
../Core/Src/main.c:578:13:MX_DMA_Init	16	static
../Core/Src/main.c:603:13:MX_GPIO_Init	40	static
../Core/Src/main.c:636:6:Error_Handler	8	static,ignoring_inline_asm
