../Core/Src/main.c:65:6:HAL_UART_RxCpltCallback	16	static
../Core/Src/main.c:74:6:CMD_Handler	32	static
../Core/Src/main.c:115:6:LED_CMD_Handle	24	static
../Core/Src/main.c:138:6:SERVO_CMD_Handle	16	static
../Core/Src/main.c:150:6:AddrLED_CMD_Handle	16	static
../Core/Src/main.c:170:6:setPWM	24	static
../Core/Src/main.c:194:6:TIM3_setup	8	static
../Core/Src/main.c:199:6:setup_TIM4	40	static
../Core/Src/main.c:210:6:setFlashSpeed	24	static
../Core/Src/main.c:220:6:HAL_TIM_PeriodElapsedCallback	16	static
../Core/Src/main.c:230:6:setup_CRT	8	static
../Core/Src/main.c:234:6:set_CRT_Gamma	16	static
../Core/Src/main.c:241:6:calc_brightness_table	16	static
../Core/Src/main.c:247:10:get_CRT	32	static
../Core/Src/main.c:258:6:setup_TIM2	40	static
../Core/Src/main.c:269:6:SERVO_setAngle	24	static
../Core/Src/main.c:283:5:main	8	static
../Core/Src/main.c:341:6:SystemClock_Config	88	static
../Core/Src/main.c:387:13:MX_TIM2_Init	64	static
../Core/Src/main.c:446:13:MX_TIM3_Init	64	static
../Core/Src/main.c:504:13:MX_TIM4_Init	64	static
../Core/Src/main.c:563:13:MX_USART2_UART_Init	8	static
../Core/Src/main.c:594:13:MX_DMA_Init	16	static
../Core/Src/main.c:612:13:MX_GPIO_Init	40	static
../Core/Src/main.c:645:6:Error_Handler	8	static,ignoring_inline_asm
