../Core/Src/main.c:98:6:calc_CRT_K	8	static
../Core/Src/main.c:102:6:setup_CRT	8	static
../Core/Src/main.c:107:10:get_CRT	32	static
../Core/Src/main.c:111:6:calc_brightness_table	24	static
../Core/Src/main.c:119:6:set_blink_frequency	24	static
../Core/Src/main.c:140:6:USART_DMA_SendString	24	static
../Core/Src/main.c:148:6:HAL_UART_RxCpltCallback	16	static
../Core/Src/main.c:155:6:HAL_UART_TxCpltCallback	16	static
../Core/Src/main.c:163:9:crc8	32	static
../Core/Src/main.c:175:6:messageProcessing	32	static
../Core/Src/main.c:198:6:LEDProcessing	16	static
../Core/Src/main.c:214:6:ServoProcessing	16	static
../Core/Src/main.c:228:5:main	8	static
../Core/Src/main.c:301:6:SystemClock_Config	88	static
../Core/Src/main.c:347:13:MX_TIM4_Init	64	static
../Core/Src/main.c:401:13:MX_TIM8_Init	32	static
../Core/Src/main.c:429:13:MX_USART2_UART_Init	8	static
../Core/Src/main.c:460:13:MX_DMA_Init	16	static
../Core/Src/main.c:483:13:MX_GPIO_Init	40	static
../Core/Src/main.c:516:6:Error_Handler	8	static,ignoring_inline_asm
